

================================================================
== Vivado HLS Report for 'bc_mult'
================================================================
* Date:           Sun Dec 13 12:46:24 2020

* Version:        2019.1 (Build 2552052 on Fri May 24 15:28:33 MDT 2019)
* Project:        koa_mult
* Solution:       solution1
* Product family: zynq
* Target device:  xc7z020-clg400-1


================================================================
== Performance Estimates
================================================================
+ Timing (ns): 
    * Summary: 
    +--------+-------+----------+------------+
    |  Clock | Target| Estimated| Uncertainty|
    +--------+-------+----------+------------+
    |ap_clk  |  10.00|     6.978|        1.25|
    +--------+-------+----------+------------+

+ Latency (clock cycles): 
    * Summary: 
    +-----+-----+-----+-----+---------+
    |  Latency  |  Interval | Pipeline|
    | min | max | min | max |   Type  |
    +-----+-----+-----+-----+---------+
    |   21|   21|   21|   21|   none  |
    +-----+-----+-----+-----+---------+

    + Detail: 
        * Instance: 
        N/A

        * Loop: 
        +----------+-----+-----+----------+-----------+-----------+------+----------+
        |          |  Latency  | Iteration|  Initiation Interval  | Trip |          |
        | Loop Name| min | max |  Latency |  achieved |   target  | Count| Pipelined|
        +----------+-----+-----+----------+-----------+-----------+------+----------+
        |- loopb2  |    8|    8|         6|          1|          1|     4|    yes   |
        |- loop3   |    8|    8|         2|          -|          -|     4|    no    |
        +----------+-----+-----+----------+-----------+-----------+------+----------+



================================================================
== Utilization Estimates
================================================================
* Summary: 
+-----------------+---------+-------+--------+-------+-----+
|       Name      | BRAM_18K| DSP48E|   FF   |  LUT  | URAM|
+-----------------+---------+-------+--------+-------+-----+
|DSP              |        -|      -|       -|      -|    -|
|Expression       |        -|      -|       0|     46|    -|
|FIFO             |        -|      -|       -|      -|    -|
|Instance         |        -|     64|    5824|   2053|    -|
|Memory           |        -|      -|       -|      -|    -|
|Multiplexer      |        -|      -|       -|    122|    -|
|Register         |        0|      -|    4766|     32|    -|
+-----------------+---------+-------+--------+-------+-----+
|Total            |        0|     64|   10590|   2253|    0|
+-----------------+---------+-------+--------+-------+-----+
|Available        |      280|    220|  106400|  53200|    0|
+-----------------+---------+-------+--------+-------+-----+
|Utilization (%)  |        0|     29|       9|      4|    0|
+-----------------+---------+-------+--------+-------+-----+

+ Detail: 
    * Instance: 
    +--------------------------+----------------------+---------+-------+-----+-----+-----+
    |         Instance         |        Module        | BRAM_18K| DSP48E|  FF | LUT | URAM|
    +--------------------------+----------------------+---------+-------+-----+-----+-----+
    |koa_mult_h1_add_3eOg_U7   |koa_mult_h1_add_3eOg  |        0|      0|  580|  132|    0|
    |koa_mult_h1_add_3fYi_U9   |koa_mult_h1_add_3fYi  |        0|      0|  580|  132|    0|
    |koa_mult_h1_add_3hbi_U14  |koa_mult_h1_add_3hbi  |        0|      0|  580|  132|    0|
    |koa_mult_h1_add_4g8j_U11  |koa_mult_h1_add_4g8j  |        0|      0|  580|  132|    0|
    |koa_mult_h1_add_4g8j_U13  |koa_mult_h1_add_4g8j  |        0|      0|  580|  132|    0|
    |koa_mult_h1_add_4g8j_U15  |koa_mult_h1_add_4g8j  |        0|      0|  580|  132|    0|
    |koa_mult_h1_add_4g8j_U16  |koa_mult_h1_add_4g8j  |        0|      0|  580|  132|    0|
    |koa_mult_h1_mul_6cud_U2   |koa_mult_h1_mul_6cud  |        0|     16|  441|  256|    0|
    |koa_mult_h1_mul_6cud_U3   |koa_mult_h1_mul_6cud  |        0|     16|  441|  256|    0|
    |koa_mult_h1_mul_6cud_U4   |koa_mult_h1_mul_6cud  |        0|     16|  441|  256|    0|
    |koa_mult_h1_mul_6cud_U5   |koa_mult_h1_mul_6cud  |        0|     16|  441|  256|    0|
    |koa_mult_h1_mux_4bkb_U1   |koa_mult_h1_mux_4bkb  |        0|      0|    0|   21|    0|
    |koa_mult_h1_mux_4dEe_U6   |koa_mult_h1_mux_4dEe  |        0|      0|    0|   21|    0|
    |koa_mult_h1_mux_4dEe_U8   |koa_mult_h1_mux_4dEe  |        0|      0|    0|   21|    0|
    |koa_mult_h1_mux_4dEe_U10  |koa_mult_h1_mux_4dEe  |        0|      0|    0|   21|    0|
    |koa_mult_h1_mux_4dEe_U12  |koa_mult_h1_mux_4dEe  |        0|      0|    0|   21|    0|
    +--------------------------+----------------------+---------+-------+-----+-----+-----+
    |Total                     |                      |        0|     64| 5824| 2053|    0|
    +--------------------------+----------------------+---------+-------+-----+-----+-----+

    * DSP48E: 
    N/A

    * Memory: 
    N/A

    * FIFO: 
    N/A

    * Expression: 
    +-------------------------+----------+-------+---+----+------------+------------+
    |      Variable Name      | Operation| DSP48E| FF| LUT| Bitwidth P0| Bitwidth P1|
    +-------------------------+----------+-------+---+----+------------+------------+
    |i_3_fu_284_p2            |     +    |      0|  0|  12|           3|           1|
    |i_fu_453_p2              |     +    |      0|  0|  12|           3|           1|
    |icmp_ln202_fu_278_p2     |   icmp   |      0|  0|   9|           3|           4|
    |icmp_ln213_fu_447_p2     |   icmp   |      0|  0|   9|           3|           4|
    |ap_enable_pp0            |    xor   |      0|  0|   2|           1|           2|
    |ap_enable_reg_pp0_iter1  |    xor   |      0|  0|   2|           2|           1|
    +-------------------------+----------+-------+---+----+------------+------------+
    |Total                    |          |      0|  0|  46|          15|          13|
    +-------------------------+----------+-------+---+----+------------+------------+

    * Multiplexer: 
    +-------------------------+----+-----------+-----+-----------+
    |           Name          | LUT| Input Size| Bits| Total Bits|
    +-------------------------+----+-----------+-----+-----------+
    |ap_NS_fsm                |  41|          8|    1|          8|
    |ap_enable_reg_pp0_iter1  |   9|          2|    1|          2|
    |ap_enable_reg_pp0_iter5  |   9|          2|    1|          2|
    |ap_return                |   9|          2|  448|        896|
    |i7_0_reg_154             |   9|          2|    3|          6|
    |i8_0_reg_213             |   9|          2|    3|          6|
    |sum_V_0_0_reg_165        |   9|          2|  323|        646|
    |sum_V_1_0_reg_177        |   9|          2|  387|        774|
    |sum_V_2_0_reg_189        |   9|          2|  448|        896|
    |sum_V_3_0_reg_201        |   9|          2|  448|        896|
    +-------------------------+----+-----------+-----+-----------+
    |Total                    | 122|         26| 2063|       4132|
    +-------------------------+----+-----------+-----+-----------+

    * Register: 
    +------------------------------+-----+----+-----+-----------+
    |             Name             |  FF | LUT| Bits| Const Bits|
    +------------------------------+-----+----+-----+-----------+
    |ai_0_V_reg_757                |   64|   0|   64|          0|
    |ai_1_V_reg_762                |   64|   0|   64|          0|
    |ai_2_V_reg_767                |   64|   0|   64|          0|
    |ai_3_V_reg_772                |   64|   0|   64|          0|
    |ap_CS_fsm                     |    7|   0|    7|          0|
    |ap_enable_reg_pp0_iter0       |    1|   0|    1|          0|
    |ap_enable_reg_pp0_iter1       |    1|   0|    1|          0|
    |ap_enable_reg_pp0_iter2       |    1|   0|    1|          0|
    |ap_enable_reg_pp0_iter3       |    1|   0|    1|          0|
    |ap_enable_reg_pp0_iter4       |    1|   0|    1|          0|
    |ap_enable_reg_pp0_iter5       |    1|   0|    1|          0|
    |ap_return_preg                |  448|   0|  448|          0|
    |i7_0_reg_154                  |    3|   0|    3|          0|
    |i8_0_reg_213                  |    3|   0|    3|          0|
    |i_reg_826                     |    3|   0|    3|          0|
    |partial_products_0_23_fu_92   |  128|   0|  321|        193|
    |partial_products_0_24_fu_88   |  128|   0|  321|        193|
    |partial_products_0_s_fu_96    |  128|   0|  321|        193|
    |partial_products_1_15_fu_108  |  128|   0|  321|        193|
    |partial_products_1_16_fu_104  |  128|   0|  321|        193|
    |partial_products_1_s_fu_112   |  128|   0|  321|        193|
    |partial_products_2_15_fu_124  |  128|   0|  321|        193|
    |partial_products_2_16_fu_120  |  128|   0|  321|        193|
    |partial_products_2_s_fu_128   |  128|   0|  321|        193|
    |partial_products_3_15_fu_140  |  128|   0|  321|        193|
    |partial_products_3_16_fu_136  |  128|   0|  321|        193|
    |partial_products_3_25_fu_84   |  128|   0|  321|        193|
    |partial_products_3_26_fu_100  |  128|   0|  321|        193|
    |partial_products_3_27_fu_116  |  128|   0|  321|        193|
    |partial_products_3_28_fu_132  |  128|   0|  321|        193|
    |partial_products_3_s_fu_144   |  128|   0|  321|        193|
    |sum_V_0_0_reg_165             |  323|   0|  323|          0|
    |sum_V_1_0_reg_177             |  387|   0|  387|          0|
    |sum_V_2_0_reg_189             |  448|   0|  448|          0|
    |sum_V_3_0_reg_201             |  448|   0|  448|          0|
    |tmp_3_reg_810                 |   64|   0|   64|          0|
    |trunc_ln215_reg_806           |    2|   0|    2|          0|
    |zext_ln215_10_reg_782         |   64|   0|  128|         64|
    |zext_ln215_11_reg_787         |   64|   0|  128|         64|
    |zext_ln215_12_reg_792         |   64|   0|  128|         64|
    |zext_ln215_reg_777            |   64|   0|  128|         64|
    |trunc_ln215_reg_806           |   64|  32|    2|          0|
    +------------------------------+-----+----+-----+-----------+
    |Total                         | 4766|  32| 8048|       3344|
    +------------------------------+-----+----+-----+-----------+



================================================================
== Interface
================================================================
* Summary: 
+-----------+-----+-----+------------+--------------+--------------+
| RTL Ports | Dir | Bits|  Protocol  | Source Object|    C Type    |
+-----------+-----+-----+------------+--------------+--------------+
|ap_clk     |  in |    1| ap_ctrl_hs |    bc_mult   | return value |
|ap_rst     |  in |    1| ap_ctrl_hs |    bc_mult   | return value |
|ap_start   |  in |    1| ap_ctrl_hs |    bc_mult   | return value |
|ap_done    | out |    1| ap_ctrl_hs |    bc_mult   | return value |
|ap_idle    | out |    1| ap_ctrl_hs |    bc_mult   | return value |
|ap_ready   | out |    1| ap_ctrl_hs |    bc_mult   | return value |
|ap_return  | out |  448| ap_ctrl_hs |    bc_mult   | return value |
|ta_V       |  in |  224|   ap_none  |     ta_V     |    scalar    |
+-----------+-----+-----+------------+--------------+--------------+

