

================================================================
== Vivado HLS Report for 'koa_mult_h1'
================================================================
* Date:           Sun Dec 13 12:46:26 2020

* Version:        2019.1 (Build 2552052 on Fri May 24 15:28:33 MDT 2019)
* Project:        koa_mult
* Solution:       solution1
* Product family: zynq
* Target device:  xc7z020-clg400-1


================================================================
== Performance Estimates
================================================================
+ Timing (ns): 
    * Summary: 
    +--------+-------+----------+------------+
    |  Clock | Target| Estimated| Uncertainty|
    +--------+-------+----------+------------+
    |ap_clk  |  10.00|     8.103|        1.25|
    +--------+-------+----------+------------+

+ Latency (clock cycles): 
    * Summary: 
    +-----+-----+-----+-----+---------+
    |  Latency  |  Interval | Pipeline|
    | min | max | min | max |   Type  |
    +-----+-----+-----+-----+---------+
    |   25|   25|   25|   25|   none  |
    +-----+-----+-----+-----+---------+

    + Detail: 
        * Instance: 
        +---------------------+-----------+-----+-----+-----+-----+---------+
        |                     |           |  Latency  |  Interval | Pipeline|
        |       Instance      |   Module  | min | max | min | max |   Type  |
        +---------------------+-----------+-----+-----+-----+-----+---------+
        |grp_bc_mult_2_fu_47  |bc_mult_2  |   21|   21|   21|   21|   none  |
        |grp_bc_mult_fu_52    |bc_mult    |   21|   21|   21|   21|   none  |
        |grp_bc_mult_1_fu_57  |bc_mult_1  |   21|   21|   21|   21|   none  |
        +---------------------+-----------+-----+-----+-----+-----+---------+

        * Loop: 
        N/A



================================================================
== Utilization Estimates
================================================================
* Summary: 
+-----------------+---------+-------+--------+-------+-----+
|       Name      | BRAM_18K| DSP48E|   FF   |  LUT  | URAM|
+-----------------+---------+-------+--------+-------+-----+
|DSP              |        -|      -|       -|      -|    -|
|Expression       |        -|      -|       0|    234|    -|
|FIFO             |        -|      -|       -|      -|    -|
|Instance         |        0|    192|   33516|   7155|    -|
|Memory           |        -|      -|       -|      -|    -|
|Multiplexer      |        -|      -|       -|     33|    -|
|Register         |        -|      -|    1577|      -|    -|
+-----------------+---------+-------+--------+-------+-----+
|Total            |        0|    192|   35093|   7422|    0|
+-----------------+---------+-------+--------+-------+-----+
|Available        |      280|    220|  106400|  53200|    0|
+-----------------+---------+-------+--------+-------+-----+
|Utilization (%)  |        0|     87|      32|     13|    0|
+-----------------+---------+-------+--------+-------+-----+

+ Detail: 
    * Instance: 
    +--------------------------+----------------------+---------+-------+-------+------+-----+
    |         Instance         |        Module        | BRAM_18K| DSP48E|   FF  |  LUT | URAM|
    +--------------------------+----------------------+---------+-------+-------+------+-----+
    |grp_bc_mult_fu_52         |bc_mult               |        0|     64|  10590|  2253|    0|
    |grp_bc_mult_1_fu_57       |bc_mult_1             |        0|     64|  10590|  2253|    0|
    |grp_bc_mult_2_fu_47       |bc_mult_2             |        0|     64|  10596|  2253|    0|
    |koa_mult_h1_add_8kbM_U62  |koa_mult_h1_add_8kbM  |        0|      0|    580|   132|    0|
    |koa_mult_h1_sub_4jbC_U60  |koa_mult_h1_sub_4jbC  |        0|      0|    580|   132|    0|
    |koa_mult_h1_sub_4jbC_U61  |koa_mult_h1_sub_4jbC  |        0|      0|    580|   132|    0|
    +--------------------------+----------------------+---------+-------+-------+------+-----+
    |Total                     |                      |        0|    192|  33516|  7155|    0|
    +--------------------------+----------------------+---------+-------+-------+------+-----+

    * DSP48E: 
    N/A

    * Memory: 
    N/A

    * FIFO: 
    N/A

    * Expression: 
    +---------------------------------+----------+-------+---+-----+------------+------------+
    |          Variable Name          | Operation| DSP48E| FF| LUT | Bitwidth P0| Bitwidth P1|
    +---------------------------------+----------+-------+---+-----+------------+------------+
    |ahl_V_fu_86_p2                   |     +    |      0|  0|  232|         225|         225|
    |ap_block_state2_on_subcall_done  |    or    |      0|  0|    2|           1|           1|
    +---------------------------------+----------+-------+---+-----+------------+------------+
    |Total                            |          |      0|  0|  234|         226|         226|
    +---------------------------------+----------+-------+---+-----+------------+------------+

    * Multiplexer: 
    +-----------+----+-----------+-----+-----------+
    |    Name   | LUT| Input Size| Bits| Total Bits|
    +-----------+----+-----------+-----+-----------+
    |ap_NS_fsm  |  33|          6|    1|          6|
    +-----------+----+-----------+-----+-----------+
    |Total      |  33|          6|    1|          6|
    +-----------+----+-----------+-----+-----------+

    * Register: 
    +----------------------------------+-----+----+-----+-----------+
    |               Name               |  FF | LUT| Bits| Const Bits|
    +----------------------------------+-----+----+-----+-----------+
    |a0_V_reg_156                      |  448|   0|  448|          0|
    |a2_V_reg_161                      |  448|   0|  448|          0|
    |ah_V_reg_141                      |  224|   0|  224|          0|
    |ahl_V_reg_151                     |  225|   0|  225|          0|
    |al_V_reg_146                      |  224|   0|  224|          0|
    |ap_CS_fsm                         |    5|   0|    5|          0|
    |grp_bc_mult_1_fu_57_ap_start_reg  |    1|   0|    1|          0|
    |grp_bc_mult_2_fu_47_ap_start_reg  |    1|   0|    1|          0|
    |grp_bc_mult_fu_52_ap_start_reg    |    1|   0|    1|          0|
    +----------------------------------+-----+----+-----+-----------+
    |Total                             | 1577|   0| 1577|          0|
    +----------------------------------+-----+----+-----+-----------+



================================================================
== Interface
================================================================
* Summary: 
+------------+-----+-----+------------+--------------+--------------+
|  RTL Ports | Dir | Bits|  Protocol  | Source Object|    C Type    |
+------------+-----+-----+------------+--------------+--------------+
|ap_clk      |  in |    1| ap_ctrl_hs |  koa_mult_h1 | return value |
|ap_rst      |  in |    1| ap_ctrl_hs |  koa_mult_h1 | return value |
|ap_start    |  in |    1| ap_ctrl_hs |  koa_mult_h1 | return value |
|ap_done     | out |    1| ap_ctrl_hs |  koa_mult_h1 | return value |
|ap_idle     | out |    1| ap_ctrl_hs |  koa_mult_h1 | return value |
|ap_ready    | out |    1| ap_ctrl_hs |  koa_mult_h1 | return value |
|a_V         |  in |  448|   ap_none  |      a_V     |    scalar    |
|b_V         |  in |  448|   ap_none  |      b_V     |    scalar    |
|c_V         | out |  896|   ap_vld   |      c_V     |    pointer   |
|c_V_ap_vld  | out |    1|   ap_vld   |      c_V     |    pointer   |
+------------+-----+-----+------------+--------------+--------------+

