

================================================================
== Vivado HLS Report for 'bc_mult_448'
================================================================
* Date:           Tue Dec 22 16:34:12 2020

* Version:        2019.1 (Build 2552052 on Fri May 24 15:28:33 MDT 2019)
* Project:        sikehls
* Solution:       solution1
* Product family: zynq
* Target device:  xc7z020-clg400-1


================================================================
== Performance Estimates
================================================================
+ Timing (ns): 
    * Summary: 
    +--------+-------+----------+------------+
    |  Clock | Target| Estimated| Uncertainty|
    +--------+-------+----------+------------+
    |ap_clk  |  10.00|     8.625|        1.25|
    +--------+-------+----------+------------+

+ Latency (clock cycles): 
    * Summary: 
    +-----+-----+-----+-----+---------+
    |  Latency  |  Interval | Pipeline|
    | min | max | min | max |   Type  |
    +-----+-----+-----+-----+---------+
    |   31|   31|   31|   31|   none  |
    +-----+-----+-----+-----+---------+

    + Detail: 
        * Instance: 
        N/A

        * Loop: 
        +-----------+-----+-----+----------+-----------+-----------+------+----------+
        |           |  Latency  | Iteration|  Initiation Interval  | Trip |          |
        | Loop Name | min | max |  Latency |  achieved |   target  | Count| Pipelined|
        +-----------+-----+-----+----------+-----------+-----------+------+----------+
        |- loopb22  |    9|    9|         3|          1|          1|     8|    yes   |
        |- loop3    |   16|   16|         2|          -|          -|     8|    no    |
        +-----------+-----+-----+----------+-----------+-----------+------+----------+

============================================================
+ Verbose Summary: Synthesis Manager
============================================================
InlineROM: 1
ExposeGlobal: 0
============================================================
+ Verbose Summary: CDFG Model
============================================================
IsTopModel: 0
ResetActiveHigh: 1
IsCombinational: 0
IsDatapathOnly: 0
HasWiredReturn: 1
HasMFsm: 0
HasVarLatency: 1
IsPipeline: 0
IsRtlPipelined: 0
IsInstanceOverlapped: 0
IsDontTouch: 0
HasImplIP: 0
IsGatedGlobalClock: 0

+ Individual pipeline summary: 
  * Pipeline-0: initiation interval (II) = 1, depth = 3


============================================================
+ Verbose Summary: Schedule
============================================================
* Number of FSM states : 10
* Pipeline : 1
  Pipeline-0 : II = 1, D = 3, States = { 2 3 4 }
* Dataflow Pipeline: 0

* FSM state transitions: 
1 --> 2 
2 --> 5 3 
3 --> 4 
4 --> 2 
5 --> 6 
6 --> 7 8 
7 --> 6 
8 --> 9 
9 --> 10 
10 --> 

* FSM state operations: 

State 1 <SV = 0> <Delay = 1.76>
ST_1 : Operation 11 [1/1] (0.00ns)   --->   "%partial_products_7_7 = alloca i896"   --->   Operation 11 'alloca' 'partial_products_7_7' <Predicate = true> <Delay = 0.00>
ST_1 : Operation 12 [1/1] (0.00ns)   --->   "%partial_products_0_6 = alloca i896"   --->   Operation 12 'alloca' 'partial_products_0_6' <Predicate = true> <Delay = 0.00>
ST_1 : Operation 13 [1/1] (0.00ns)   --->   "%partial_products_0_5 = alloca i896"   --->   Operation 13 'alloca' 'partial_products_0_5' <Predicate = true> <Delay = 0.00>
ST_1 : Operation 14 [1/1] (0.00ns)   --->   "%partial_products_0_4 = alloca i896"   --->   Operation 14 'alloca' 'partial_products_0_4' <Predicate = true> <Delay = 0.00>
ST_1 : Operation 15 [1/1] (0.00ns)   --->   "%partial_products_0_3 = alloca i896"   --->   Operation 15 'alloca' 'partial_products_0_3' <Predicate = true> <Delay = 0.00>
ST_1 : Operation 16 [1/1] (0.00ns)   --->   "%partial_products_0_2 = alloca i896"   --->   Operation 16 'alloca' 'partial_products_0_2' <Predicate = true> <Delay = 0.00>
ST_1 : Operation 17 [1/1] (0.00ns)   --->   "%partial_products_0_1 = alloca i896"   --->   Operation 17 'alloca' 'partial_products_0_1' <Predicate = true> <Delay = 0.00>
ST_1 : Operation 18 [1/1] (0.00ns)   --->   "%partial_products_0_s = alloca i896"   --->   Operation 18 'alloca' 'partial_products_0_s' <Predicate = true> <Delay = 0.00>
ST_1 : Operation 19 [1/1] (0.00ns)   --->   "%partial_products_7_8 = alloca i896"   --->   Operation 19 'alloca' 'partial_products_7_8' <Predicate = true> <Delay = 0.00>
ST_1 : Operation 20 [1/1] (0.00ns)   --->   "%partial_products_1_6 = alloca i896"   --->   Operation 20 'alloca' 'partial_products_1_6' <Predicate = true> <Delay = 0.00>
ST_1 : Operation 21 [1/1] (0.00ns)   --->   "%partial_products_1_5 = alloca i896"   --->   Operation 21 'alloca' 'partial_products_1_5' <Predicate = true> <Delay = 0.00>
ST_1 : Operation 22 [1/1] (0.00ns)   --->   "%partial_products_1_4 = alloca i896"   --->   Operation 22 'alloca' 'partial_products_1_4' <Predicate = true> <Delay = 0.00>
ST_1 : Operation 23 [1/1] (0.00ns)   --->   "%partial_products_1_3 = alloca i896"   --->   Operation 23 'alloca' 'partial_products_1_3' <Predicate = true> <Delay = 0.00>
ST_1 : Operation 24 [1/1] (0.00ns)   --->   "%partial_products_1_2 = alloca i896"   --->   Operation 24 'alloca' 'partial_products_1_2' <Predicate = true> <Delay = 0.00>
ST_1 : Operation 25 [1/1] (0.00ns)   --->   "%partial_products_1_1 = alloca i896"   --->   Operation 25 'alloca' 'partial_products_1_1' <Predicate = true> <Delay = 0.00>
ST_1 : Operation 26 [1/1] (0.00ns)   --->   "%partial_products_1_s = alloca i896"   --->   Operation 26 'alloca' 'partial_products_1_s' <Predicate = true> <Delay = 0.00>
ST_1 : Operation 27 [1/1] (0.00ns)   --->   "%partial_products_7_9 = alloca i896"   --->   Operation 27 'alloca' 'partial_products_7_9' <Predicate = true> <Delay = 0.00>
ST_1 : Operation 28 [1/1] (0.00ns)   --->   "%partial_products_2_6 = alloca i896"   --->   Operation 28 'alloca' 'partial_products_2_6' <Predicate = true> <Delay = 0.00>
ST_1 : Operation 29 [1/1] (0.00ns)   --->   "%partial_products_2_5 = alloca i896"   --->   Operation 29 'alloca' 'partial_products_2_5' <Predicate = true> <Delay = 0.00>
ST_1 : Operation 30 [1/1] (0.00ns)   --->   "%partial_products_2_4 = alloca i896"   --->   Operation 30 'alloca' 'partial_products_2_4' <Predicate = true> <Delay = 0.00>
ST_1 : Operation 31 [1/1] (0.00ns)   --->   "%partial_products_2_3 = alloca i896"   --->   Operation 31 'alloca' 'partial_products_2_3' <Predicate = true> <Delay = 0.00>
ST_1 : Operation 32 [1/1] (0.00ns)   --->   "%partial_products_2_2 = alloca i896"   --->   Operation 32 'alloca' 'partial_products_2_2' <Predicate = true> <Delay = 0.00>
ST_1 : Operation 33 [1/1] (0.00ns)   --->   "%partial_products_2_1 = alloca i896"   --->   Operation 33 'alloca' 'partial_products_2_1' <Predicate = true> <Delay = 0.00>
ST_1 : Operation 34 [1/1] (0.00ns)   --->   "%partial_products_2_s = alloca i896"   --->   Operation 34 'alloca' 'partial_products_2_s' <Predicate = true> <Delay = 0.00>
ST_1 : Operation 35 [1/1] (0.00ns)   --->   "%partial_products_7_10 = alloca i896"   --->   Operation 35 'alloca' 'partial_products_7_10' <Predicate = true> <Delay = 0.00>
ST_1 : Operation 36 [1/1] (0.00ns)   --->   "%partial_products_3_6 = alloca i896"   --->   Operation 36 'alloca' 'partial_products_3_6' <Predicate = true> <Delay = 0.00>
ST_1 : Operation 37 [1/1] (0.00ns)   --->   "%partial_products_3_5 = alloca i896"   --->   Operation 37 'alloca' 'partial_products_3_5' <Predicate = true> <Delay = 0.00>
ST_1 : Operation 38 [1/1] (0.00ns)   --->   "%partial_products_3_4 = alloca i896"   --->   Operation 38 'alloca' 'partial_products_3_4' <Predicate = true> <Delay = 0.00>
ST_1 : Operation 39 [1/1] (0.00ns)   --->   "%partial_products_3_3 = alloca i896"   --->   Operation 39 'alloca' 'partial_products_3_3' <Predicate = true> <Delay = 0.00>
ST_1 : Operation 40 [1/1] (0.00ns)   --->   "%partial_products_3_2 = alloca i896"   --->   Operation 40 'alloca' 'partial_products_3_2' <Predicate = true> <Delay = 0.00>
ST_1 : Operation 41 [1/1] (0.00ns)   --->   "%partial_products_3_1 = alloca i896"   --->   Operation 41 'alloca' 'partial_products_3_1' <Predicate = true> <Delay = 0.00>
ST_1 : Operation 42 [1/1] (0.00ns)   --->   "%partial_products_3_s = alloca i896"   --->   Operation 42 'alloca' 'partial_products_3_s' <Predicate = true> <Delay = 0.00>
ST_1 : Operation 43 [1/1] (0.00ns)   --->   "%partial_products_7_11 = alloca i896"   --->   Operation 43 'alloca' 'partial_products_7_11' <Predicate = true> <Delay = 0.00>
ST_1 : Operation 44 [1/1] (0.00ns)   --->   "%partial_products_4_6 = alloca i896"   --->   Operation 44 'alloca' 'partial_products_4_6' <Predicate = true> <Delay = 0.00>
ST_1 : Operation 45 [1/1] (0.00ns)   --->   "%partial_products_4_5 = alloca i896"   --->   Operation 45 'alloca' 'partial_products_4_5' <Predicate = true> <Delay = 0.00>
ST_1 : Operation 46 [1/1] (0.00ns)   --->   "%partial_products_4_4 = alloca i896"   --->   Operation 46 'alloca' 'partial_products_4_4' <Predicate = true> <Delay = 0.00>
ST_1 : Operation 47 [1/1] (0.00ns)   --->   "%partial_products_4_3 = alloca i896"   --->   Operation 47 'alloca' 'partial_products_4_3' <Predicate = true> <Delay = 0.00>
ST_1 : Operation 48 [1/1] (0.00ns)   --->   "%partial_products_4_2 = alloca i896"   --->   Operation 48 'alloca' 'partial_products_4_2' <Predicate = true> <Delay = 0.00>
ST_1 : Operation 49 [1/1] (0.00ns)   --->   "%partial_products_4_1 = alloca i896"   --->   Operation 49 'alloca' 'partial_products_4_1' <Predicate = true> <Delay = 0.00>
ST_1 : Operation 50 [1/1] (0.00ns)   --->   "%partial_products_4_s = alloca i896"   --->   Operation 50 'alloca' 'partial_products_4_s' <Predicate = true> <Delay = 0.00>
ST_1 : Operation 51 [1/1] (0.00ns)   --->   "%partial_products_7_12 = alloca i896"   --->   Operation 51 'alloca' 'partial_products_7_12' <Predicate = true> <Delay = 0.00>
ST_1 : Operation 52 [1/1] (0.00ns)   --->   "%partial_products_5_6 = alloca i896"   --->   Operation 52 'alloca' 'partial_products_5_6' <Predicate = true> <Delay = 0.00>
ST_1 : Operation 53 [1/1] (0.00ns)   --->   "%partial_products_5_5 = alloca i896"   --->   Operation 53 'alloca' 'partial_products_5_5' <Predicate = true> <Delay = 0.00>
ST_1 : Operation 54 [1/1] (0.00ns)   --->   "%partial_products_5_4 = alloca i896"   --->   Operation 54 'alloca' 'partial_products_5_4' <Predicate = true> <Delay = 0.00>
ST_1 : Operation 55 [1/1] (0.00ns)   --->   "%partial_products_5_3 = alloca i896"   --->   Operation 55 'alloca' 'partial_products_5_3' <Predicate = true> <Delay = 0.00>
ST_1 : Operation 56 [1/1] (0.00ns)   --->   "%partial_products_5_2 = alloca i896"   --->   Operation 56 'alloca' 'partial_products_5_2' <Predicate = true> <Delay = 0.00>
ST_1 : Operation 57 [1/1] (0.00ns)   --->   "%partial_products_5_1 = alloca i896"   --->   Operation 57 'alloca' 'partial_products_5_1' <Predicate = true> <Delay = 0.00>
ST_1 : Operation 58 [1/1] (0.00ns)   --->   "%partial_products_5_s = alloca i896"   --->   Operation 58 'alloca' 'partial_products_5_s' <Predicate = true> <Delay = 0.00>
ST_1 : Operation 59 [1/1] (0.00ns)   --->   "%partial_products_7_13 = alloca i896"   --->   Operation 59 'alloca' 'partial_products_7_13' <Predicate = true> <Delay = 0.00>
ST_1 : Operation 60 [1/1] (0.00ns)   --->   "%partial_products_6_6 = alloca i896"   --->   Operation 60 'alloca' 'partial_products_6_6' <Predicate = true> <Delay = 0.00>
ST_1 : Operation 61 [1/1] (0.00ns)   --->   "%partial_products_6_5 = alloca i896"   --->   Operation 61 'alloca' 'partial_products_6_5' <Predicate = true> <Delay = 0.00>
ST_1 : Operation 62 [1/1] (0.00ns)   --->   "%partial_products_6_4 = alloca i896"   --->   Operation 62 'alloca' 'partial_products_6_4' <Predicate = true> <Delay = 0.00>
ST_1 : Operation 63 [1/1] (0.00ns)   --->   "%partial_products_6_3 = alloca i896"   --->   Operation 63 'alloca' 'partial_products_6_3' <Predicate = true> <Delay = 0.00>
ST_1 : Operation 64 [1/1] (0.00ns)   --->   "%partial_products_6_2 = alloca i896"   --->   Operation 64 'alloca' 'partial_products_6_2' <Predicate = true> <Delay = 0.00>
ST_1 : Operation 65 [1/1] (0.00ns)   --->   "%partial_products_6_1 = alloca i896"   --->   Operation 65 'alloca' 'partial_products_6_1' <Predicate = true> <Delay = 0.00>
ST_1 : Operation 66 [1/1] (0.00ns)   --->   "%partial_products_6_s = alloca i896"   --->   Operation 66 'alloca' 'partial_products_6_s' <Predicate = true> <Delay = 0.00>
ST_1 : Operation 67 [1/1] (0.00ns)   --->   "%partial_products_7_14 = alloca i896"   --->   Operation 67 'alloca' 'partial_products_7_14' <Predicate = true> <Delay = 0.00>
ST_1 : Operation 68 [1/1] (0.00ns)   --->   "%partial_products_7_6 = alloca i896"   --->   Operation 68 'alloca' 'partial_products_7_6' <Predicate = true> <Delay = 0.00>
ST_1 : Operation 69 [1/1] (0.00ns)   --->   "%partial_products_7_5 = alloca i896"   --->   Operation 69 'alloca' 'partial_products_7_5' <Predicate = true> <Delay = 0.00>
ST_1 : Operation 70 [1/1] (0.00ns)   --->   "%partial_products_7_4 = alloca i896"   --->   Operation 70 'alloca' 'partial_products_7_4' <Predicate = true> <Delay = 0.00>
ST_1 : Operation 71 [1/1] (0.00ns)   --->   "%partial_products_7_3 = alloca i896"   --->   Operation 71 'alloca' 'partial_products_7_3' <Predicate = true> <Delay = 0.00>
ST_1 : Operation 72 [1/1] (0.00ns)   --->   "%partial_products_7_2 = alloca i896"   --->   Operation 72 'alloca' 'partial_products_7_2' <Predicate = true> <Delay = 0.00>
ST_1 : Operation 73 [1/1] (0.00ns)   --->   "%partial_products_7_1 = alloca i896"   --->   Operation 73 'alloca' 'partial_products_7_1' <Predicate = true> <Delay = 0.00>
ST_1 : Operation 74 [1/1] (0.00ns)   --->   "%partial_products_7_s = alloca i896"   --->   Operation 74 'alloca' 'partial_products_7_s' <Predicate = true> <Delay = 0.00>
ST_1 : Operation 75 [1/1] (0.00ns)   --->   "%b_V_read = call i448 @_ssdm_op_Read.ap_auto.i448(i448 %b_V)" [sikehls/mult.cpp:23]   --->   Operation 75 'read' 'b_V_read' <Predicate = true> <Delay = 0.00>
ST_1 : Operation 76 [1/1] (0.00ns)   --->   "%a_V_read = call i448 @_ssdm_op_Read.ap_auto.i448(i448 %a_V)" [sikehls/mult.cpp:23]   --->   Operation 76 'read' 'a_V_read' <Predicate = true> <Delay = 0.00>
ST_1 : Operation 77 [1/1] (0.00ns)   --->   "%ai_0_V = trunc i448 %a_V_read to i56" [sikehls/mult.cpp:23]   --->   Operation 77 'trunc' 'ai_0_V' <Predicate = true> <Delay = 0.00>
ST_1 : Operation 78 [1/1] (0.00ns)   --->   "%bi_0_V = trunc i448 %b_V_read to i56" [sikehls/mult.cpp:24]   --->   Operation 78 'trunc' 'bi_0_V' <Predicate = true> <Delay = 0.00>
ST_1 : Operation 79 [1/1] (0.00ns)   --->   "%ai_1_V = call i56 @_ssdm_op_PartSelect.i56.i448.i32.i32(i448 %a_V_read, i32 56, i32 111)" [sikehls/mult.cpp:23]   --->   Operation 79 'partselect' 'ai_1_V' <Predicate = true> <Delay = 0.00>
ST_1 : Operation 80 [1/1] (0.00ns)   --->   "%bi_1_V = call i56 @_ssdm_op_PartSelect.i56.i448.i32.i32(i448 %b_V_read, i32 56, i32 111)" [sikehls/mult.cpp:24]   --->   Operation 80 'partselect' 'bi_1_V' <Predicate = true> <Delay = 0.00>
ST_1 : Operation 81 [1/1] (0.00ns)   --->   "%ai_2_V = call i56 @_ssdm_op_PartSelect.i56.i448.i32.i32(i448 %a_V_read, i32 112, i32 167)" [sikehls/mult.cpp:23]   --->   Operation 81 'partselect' 'ai_2_V' <Predicate = true> <Delay = 0.00>
ST_1 : Operation 82 [1/1] (0.00ns)   --->   "%bi_2_V = call i56 @_ssdm_op_PartSelect.i56.i448.i32.i32(i448 %b_V_read, i32 112, i32 167)" [sikehls/mult.cpp:24]   --->   Operation 82 'partselect' 'bi_2_V' <Predicate = true> <Delay = 0.00>
ST_1 : Operation 83 [1/1] (0.00ns)   --->   "%ai_3_V = call i56 @_ssdm_op_PartSelect.i56.i448.i32.i32(i448 %a_V_read, i32 168, i32 223)" [sikehls/mult.cpp:23]   --->   Operation 83 'partselect' 'ai_3_V' <Predicate = true> <Delay = 0.00>
ST_1 : Operation 84 [1/1] (0.00ns)   --->   "%bi_3_V = call i56 @_ssdm_op_PartSelect.i56.i448.i32.i32(i448 %b_V_read, i32 168, i32 223)" [sikehls/mult.cpp:24]   --->   Operation 84 'partselect' 'bi_3_V' <Predicate = true> <Delay = 0.00>
ST_1 : Operation 85 [1/1] (0.00ns)   --->   "%ai_4_V = call i56 @_ssdm_op_PartSelect.i56.i448.i32.i32(i448 %a_V_read, i32 224, i32 279)" [sikehls/mult.cpp:23]   --->   Operation 85 'partselect' 'ai_4_V' <Predicate = true> <Delay = 0.00>
ST_1 : Operation 86 [1/1] (0.00ns)   --->   "%bi_4_V = call i56 @_ssdm_op_PartSelect.i56.i448.i32.i32(i448 %b_V_read, i32 224, i32 279)" [sikehls/mult.cpp:24]   --->   Operation 86 'partselect' 'bi_4_V' <Predicate = true> <Delay = 0.00>
ST_1 : Operation 87 [1/1] (0.00ns)   --->   "%ai_5_V = call i56 @_ssdm_op_PartSelect.i56.i448.i32.i32(i448 %a_V_read, i32 280, i32 335)" [sikehls/mult.cpp:23]   --->   Operation 87 'partselect' 'ai_5_V' <Predicate = true> <Delay = 0.00>
ST_1 : Operation 88 [1/1] (0.00ns)   --->   "%bi_5_V = call i56 @_ssdm_op_PartSelect.i56.i448.i32.i32(i448 %b_V_read, i32 280, i32 335)" [sikehls/mult.cpp:24]   --->   Operation 88 'partselect' 'bi_5_V' <Predicate = true> <Delay = 0.00>
ST_1 : Operation 89 [1/1] (0.00ns)   --->   "%ai_6_V = call i56 @_ssdm_op_PartSelect.i56.i448.i32.i32(i448 %a_V_read, i32 336, i32 391)" [sikehls/mult.cpp:23]   --->   Operation 89 'partselect' 'ai_6_V' <Predicate = true> <Delay = 0.00>
ST_1 : Operation 90 [1/1] (0.00ns)   --->   "%bi_6_V = call i56 @_ssdm_op_PartSelect.i56.i448.i32.i32(i448 %b_V_read, i32 336, i32 391)" [sikehls/mult.cpp:24]   --->   Operation 90 'partselect' 'bi_6_V' <Predicate = true> <Delay = 0.00>
ST_1 : Operation 91 [1/1] (0.00ns)   --->   "%ai_7_V = call i56 @_ssdm_op_PartSelect.i56.i448.i32.i32(i448 %a_V_read, i32 392, i32 447)" [sikehls/mult.cpp:23]   --->   Operation 91 'partselect' 'ai_7_V' <Predicate = true> <Delay = 0.00>
ST_1 : Operation 92 [1/1] (0.00ns)   --->   "%bi_7_V = call i56 @_ssdm_op_PartSelect.i56.i448.i32.i32(i448 %b_V_read, i32 392, i32 447)" [sikehls/mult.cpp:24]   --->   Operation 92 'partselect' 'bi_7_V' <Predicate = true> <Delay = 0.00>
ST_1 : Operation 93 [1/1] (0.00ns)   --->   "%zext_ln215 = zext i56 %ai_0_V to i112" [sikehls/mult.cpp:32]   --->   Operation 93 'zext' 'zext_ln215' <Predicate = true> <Delay = 0.00>
ST_1 : Operation 94 [1/1] (0.00ns)   --->   "%zext_ln215_2 = zext i56 %ai_1_V to i112" [sikehls/mult.cpp:32]   --->   Operation 94 'zext' 'zext_ln215_2' <Predicate = true> <Delay = 0.00>
ST_1 : Operation 95 [1/1] (0.00ns)   --->   "%zext_ln215_3 = zext i56 %ai_2_V to i112" [sikehls/mult.cpp:32]   --->   Operation 95 'zext' 'zext_ln215_3' <Predicate = true> <Delay = 0.00>
ST_1 : Operation 96 [1/1] (0.00ns)   --->   "%zext_ln215_4 = zext i56 %ai_3_V to i112" [sikehls/mult.cpp:32]   --->   Operation 96 'zext' 'zext_ln215_4' <Predicate = true> <Delay = 0.00>
ST_1 : Operation 97 [1/1] (0.00ns)   --->   "%zext_ln215_5 = zext i56 %ai_4_V to i112" [sikehls/mult.cpp:32]   --->   Operation 97 'zext' 'zext_ln215_5' <Predicate = true> <Delay = 0.00>
ST_1 : Operation 98 [1/1] (0.00ns)   --->   "%zext_ln215_6 = zext i56 %ai_5_V to i112" [sikehls/mult.cpp:32]   --->   Operation 98 'zext' 'zext_ln215_6' <Predicate = true> <Delay = 0.00>
ST_1 : Operation 99 [1/1] (0.00ns)   --->   "%zext_ln215_7 = zext i56 %ai_6_V to i112" [sikehls/mult.cpp:32]   --->   Operation 99 'zext' 'zext_ln215_7' <Predicate = true> <Delay = 0.00>
ST_1 : Operation 100 [1/1] (0.00ns)   --->   "%zext_ln215_8 = zext i56 %ai_7_V to i112" [sikehls/mult.cpp:32]   --->   Operation 100 'zext' 'zext_ln215_8' <Predicate = true> <Delay = 0.00>
ST_1 : Operation 101 [1/1] (1.76ns)   --->   "br label %.preheader424" [sikehls/mult.cpp:28]   --->   Operation 101 'br' <Predicate = true> <Delay = 1.76>

State 2 <SV = 1> <Delay = 2.47>
ST_2 : Operation 102 [1/1] (0.00ns)   --->   "%i7_0 = phi i4 [ 0, %arrayctor.loop4.preheader ], [ %i_1, %loopb22_end ]"   --->   Operation 102 'phi' 'i7_0' <Predicate = true> <Delay = 0.00>
ST_2 : Operation 103 [1/1] (1.30ns)   --->   "%icmp_ln28 = icmp eq i4 %i7_0, -8" [sikehls/mult.cpp:28]   --->   Operation 103 'icmp' 'icmp_ln28' <Predicate = true> <Delay = 1.30> <Core = "Cmp">   --->   Core 25 'Cmp' <Latency = 0> <II = 1> <Delay = 1.30> <FuncUnit> <Opcode : 'icmp'> <InPorts = 2> <OutPorts = 1>
ST_2 : Operation 104 [1/1] (0.00ns)   --->   "%empty = call i32 (...)* @_ssdm_op_SpecLoopTripCount(i64 8, i64 8, i64 8)"   --->   Operation 104 'speclooptripcount' 'empty' <Predicate = true> <Delay = 0.00>
ST_2 : Operation 105 [1/1] (1.73ns)   --->   "%i_1 = add i4 %i7_0, 1" [sikehls/mult.cpp:28]   --->   Operation 105 'add' 'i_1' <Predicate = true> <Delay = 1.73> <Core = "AddSub">   --->   Core 14 'AddSub' <Latency = 0> <II = 1> <Delay = 1.73> <FuncUnit> <Opcode : 'add' 'sub'> <InPorts = 2> <OutPorts = 1>
ST_2 : Operation 106 [1/1] (0.00ns)   --->   "br i1 %icmp_ln28, label %.preheader.preheader, label %loopb22_begin" [sikehls/mult.cpp:28]   --->   Operation 106 'br' <Predicate = true> <Delay = 0.00>
ST_2 : Operation 107 [1/1] (0.00ns)   --->   "%trunc_ln215 = trunc i4 %i7_0 to i3" [sikehls/mult.cpp:32]   --->   Operation 107 'trunc' 'trunc_ln215' <Predicate = (!icmp_ln28)> <Delay = 0.00>
ST_2 : Operation 108 [1/1] (2.47ns)   --->   "%tmp_1 = call i56 @_ssdm_op_Mux.ap_auto.8i56.i3(i56 %bi_0_V, i56 %bi_1_V, i56 %bi_2_V, i56 %bi_3_V, i56 %bi_4_V, i56 %bi_5_V, i56 %bi_6_V, i56 %bi_7_V, i3 %trunc_ln215)" [sikehls/mult.cpp:32]   --->   Operation 108 'mux' 'tmp_1' <Predicate = (!icmp_ln28)> <Delay = 2.47> <Core = "MuxnS">   --->   Core 31 'MuxnS' <Latency = 0> <II = 1> <Delay = 2.47> <FuncUnit> <Opcode : 'mux'> <InPorts = 2> <OutPorts = 1>
ST_2 : Operation 109 [1/1] (1.36ns)   --->   "switch i3 %trunc_ln215, label %branch63 [
    i3 0, label %loopb22_begin.loopb22_end_crit_edge
    i3 1, label %branch57
    i3 2, label %branch58
    i3 3, label %branch59
    i3 -4, label %branch60
    i3 -3, label %branch61
    i3 -2, label %branch62
  ]" [sikehls/mult.cpp:33]   --->   Operation 109 'switch' <Predicate = (!icmp_ln28)> <Delay = 1.36>

State 3 <SV = 2> <Delay = 8.62>
ST_3 : Operation 110 [1/1] (0.00ns)   --->   "%zext_ln215_1 = zext i56 %tmp_1 to i112" [sikehls/mult.cpp:32]   --->   Operation 110 'zext' 'zext_ln215_1' <Predicate = true> <Delay = 0.00>
ST_3 : Operation 111 [2/2] (8.62ns)   --->   "%mul_ln1352 = mul i112 %zext_ln215, %zext_ln215_1" [sikehls/mult.cpp:32]   --->   Operation 111 'mul' 'mul_ln1352' <Predicate = true> <Delay = 8.62> <Core = "MulnS">   --->   Core 17 'MulnS' <Latency = 1> <II = 1> <Delay = 8.62> <FuncUnit> <Opcode : 'mul'> <InPorts = 2> <OutPorts = 1>
ST_3 : Operation 112 [2/2] (8.62ns)   --->   "%mul_ln1352_1 = mul i112 %zext_ln215_2, %zext_ln215_1" [sikehls/mult.cpp:32]   --->   Operation 112 'mul' 'mul_ln1352_1' <Predicate = true> <Delay = 8.62> <Core = "MulnS">   --->   Core 17 'MulnS' <Latency = 1> <II = 1> <Delay = 8.62> <FuncUnit> <Opcode : 'mul'> <InPorts = 2> <OutPorts = 1>
ST_3 : Operation 113 [2/2] (8.62ns)   --->   "%mul_ln1352_2 = mul i112 %zext_ln215_3, %zext_ln215_1" [sikehls/mult.cpp:32]   --->   Operation 113 'mul' 'mul_ln1352_2' <Predicate = true> <Delay = 8.62> <Core = "MulnS">   --->   Core 17 'MulnS' <Latency = 1> <II = 1> <Delay = 8.62> <FuncUnit> <Opcode : 'mul'> <InPorts = 2> <OutPorts = 1>
ST_3 : Operation 114 [2/2] (8.62ns)   --->   "%mul_ln1352_3 = mul i112 %zext_ln215_4, %zext_ln215_1" [sikehls/mult.cpp:32]   --->   Operation 114 'mul' 'mul_ln1352_3' <Predicate = true> <Delay = 8.62> <Core = "MulnS">   --->   Core 17 'MulnS' <Latency = 1> <II = 1> <Delay = 8.62> <FuncUnit> <Opcode : 'mul'> <InPorts = 2> <OutPorts = 1>
ST_3 : Operation 115 [2/2] (8.62ns)   --->   "%mul_ln1352_4 = mul i112 %zext_ln215_5, %zext_ln215_1" [sikehls/mult.cpp:32]   --->   Operation 115 'mul' 'mul_ln1352_4' <Predicate = true> <Delay = 8.62> <Core = "MulnS">   --->   Core 17 'MulnS' <Latency = 1> <II = 1> <Delay = 8.62> <FuncUnit> <Opcode : 'mul'> <InPorts = 2> <OutPorts = 1>
ST_3 : Operation 116 [2/2] (8.62ns)   --->   "%mul_ln1352_5 = mul i112 %zext_ln215_6, %zext_ln215_1" [sikehls/mult.cpp:32]   --->   Operation 116 'mul' 'mul_ln1352_5' <Predicate = true> <Delay = 8.62> <Core = "MulnS">   --->   Core 17 'MulnS' <Latency = 1> <II = 1> <Delay = 8.62> <FuncUnit> <Opcode : 'mul'> <InPorts = 2> <OutPorts = 1>
ST_3 : Operation 117 [2/2] (8.62ns)   --->   "%mul_ln1352_6 = mul i112 %zext_ln215_7, %zext_ln215_1" [sikehls/mult.cpp:32]   --->   Operation 117 'mul' 'mul_ln1352_6' <Predicate = true> <Delay = 8.62> <Core = "MulnS">   --->   Core 17 'MulnS' <Latency = 1> <II = 1> <Delay = 8.62> <FuncUnit> <Opcode : 'mul'> <InPorts = 2> <OutPorts = 1>
ST_3 : Operation 118 [2/2] (8.62ns)   --->   "%mul_ln1352_7 = mul i112 %zext_ln215_8, %zext_ln215_1" [sikehls/mult.cpp:32]   --->   Operation 118 'mul' 'mul_ln1352_7' <Predicate = true> <Delay = 8.62> <Core = "MulnS">   --->   Core 17 'MulnS' <Latency = 1> <II = 1> <Delay = 8.62> <FuncUnit> <Opcode : 'mul'> <InPorts = 2> <OutPorts = 1>
ST_3 : Operation 119 [1/1] (0.00ns)   --->   "br label %loopb22_end"   --->   Operation 119 'br' <Predicate = (trunc_ln215 == 6)> <Delay = 0.00>
ST_3 : Operation 120 [1/1] (0.00ns)   --->   "br label %loopb22_end"   --->   Operation 120 'br' <Predicate = (trunc_ln215 == 5)> <Delay = 0.00>
ST_3 : Operation 121 [1/1] (0.00ns)   --->   "br label %loopb22_end"   --->   Operation 121 'br' <Predicate = (trunc_ln215 == 4)> <Delay = 0.00>
ST_3 : Operation 122 [1/1] (0.00ns)   --->   "br label %loopb22_end"   --->   Operation 122 'br' <Predicate = (trunc_ln215 == 3)> <Delay = 0.00>
ST_3 : Operation 123 [1/1] (0.00ns)   --->   "br label %loopb22_end"   --->   Operation 123 'br' <Predicate = (trunc_ln215 == 2)> <Delay = 0.00>
ST_3 : Operation 124 [1/1] (0.00ns)   --->   "br label %loopb22_end"   --->   Operation 124 'br' <Predicate = (trunc_ln215 == 1)> <Delay = 0.00>
ST_3 : Operation 125 [1/1] (0.00ns)   --->   "br label %loopb22_end" [sikehls/mult.cpp:33]   --->   Operation 125 'br' <Predicate = (trunc_ln215 == 0)> <Delay = 0.00>
ST_3 : Operation 126 [1/1] (0.00ns)   --->   "br label %loopb22_end"   --->   Operation 126 'br' <Predicate = (trunc_ln215 == 7)> <Delay = 0.00>

State 4 <SV = 3> <Delay = 8.62>
ST_4 : Operation 127 [1/1] (0.00ns)   --->   "call void (...)* @_ssdm_op_SpecLoopName([8 x i8]* @p_str12) nounwind" [sikehls/mult.cpp:28]   --->   Operation 127 'specloopname' <Predicate = true> <Delay = 0.00>
ST_4 : Operation 128 [1/1] (0.00ns)   --->   "%tmp = call i32 (...)* @_ssdm_op_SpecRegionBegin([8 x i8]* @p_str12)" [sikehls/mult.cpp:28]   --->   Operation 128 'specregionbegin' 'tmp' <Predicate = true> <Delay = 0.00>
ST_4 : Operation 129 [1/1] (0.00ns)   --->   "call void (...)* @_ssdm_op_SpecPipeline(i32 -1, i32 1, i32 1, i32 0, [1 x i8]* @p_str9) nounwind" [sikehls/mult.cpp:29]   --->   Operation 129 'specpipeline' <Predicate = true> <Delay = 0.00>
ST_4 : Operation 130 [1/2] (8.62ns)   --->   "%mul_ln1352 = mul i112 %zext_ln215, %zext_ln215_1" [sikehls/mult.cpp:32]   --->   Operation 130 'mul' 'mul_ln1352' <Predicate = true> <Delay = 8.62> <Core = "MulnS">   --->   Core 17 'MulnS' <Latency = 1> <II = 1> <Delay = 8.62> <FuncUnit> <Opcode : 'mul'> <InPorts = 2> <OutPorts = 1>
ST_4 : Operation 131 [1/1] (0.00ns)   --->   "%partial_products_0_7 = zext i112 %mul_ln1352 to i896" [sikehls/mult.cpp:32]   --->   Operation 131 'zext' 'partial_products_0_7' <Predicate = true> <Delay = 0.00>
ST_4 : Operation 132 [1/2] (8.62ns)   --->   "%mul_ln1352_1 = mul i112 %zext_ln215_2, %zext_ln215_1" [sikehls/mult.cpp:32]   --->   Operation 132 'mul' 'mul_ln1352_1' <Predicate = true> <Delay = 8.62> <Core = "MulnS">   --->   Core 17 'MulnS' <Latency = 1> <II = 1> <Delay = 8.62> <FuncUnit> <Opcode : 'mul'> <InPorts = 2> <OutPorts = 1>
ST_4 : Operation 133 [1/1] (0.00ns)   --->   "%partial_products_0_8 = call i168 @_ssdm_op_BitConcatenate.i168.i112.i56(i112 %mul_ln1352_1, i56 0)" [sikehls/mult.cpp:33]   --->   Operation 133 'bitconcatenate' 'partial_products_0_8' <Predicate = true> <Delay = 0.00>
ST_4 : Operation 134 [1/1] (0.00ns)   --->   "%zext_ln1503 = zext i168 %partial_products_0_8 to i896" [sikehls/mult.cpp:33]   --->   Operation 134 'zext' 'zext_ln1503' <Predicate = true> <Delay = 0.00>
ST_4 : Operation 135 [1/2] (8.62ns)   --->   "%mul_ln1352_2 = mul i112 %zext_ln215_3, %zext_ln215_1" [sikehls/mult.cpp:32]   --->   Operation 135 'mul' 'mul_ln1352_2' <Predicate = true> <Delay = 8.62> <Core = "MulnS">   --->   Core 17 'MulnS' <Latency = 1> <II = 1> <Delay = 8.62> <FuncUnit> <Opcode : 'mul'> <InPorts = 2> <OutPorts = 1>
ST_4 : Operation 136 [1/1] (0.00ns)   --->   "%partial_products_0_9 = call i224 @_ssdm_op_BitConcatenate.i224.i112.i112(i112 %mul_ln1352_2, i112 0)" [sikehls/mult.cpp:33]   --->   Operation 136 'bitconcatenate' 'partial_products_0_9' <Predicate = true> <Delay = 0.00>
ST_4 : Operation 137 [1/1] (0.00ns)   --->   "%zext_ln1503_1 = zext i224 %partial_products_0_9 to i896" [sikehls/mult.cpp:33]   --->   Operation 137 'zext' 'zext_ln1503_1' <Predicate = true> <Delay = 0.00>
ST_4 : Operation 138 [1/2] (8.62ns)   --->   "%mul_ln1352_3 = mul i112 %zext_ln215_4, %zext_ln215_1" [sikehls/mult.cpp:32]   --->   Operation 138 'mul' 'mul_ln1352_3' <Predicate = true> <Delay = 8.62> <Core = "MulnS">   --->   Core 17 'MulnS' <Latency = 1> <II = 1> <Delay = 8.62> <FuncUnit> <Opcode : 'mul'> <InPorts = 2> <OutPorts = 1>
ST_4 : Operation 139 [1/1] (0.00ns)   --->   "%partial_products_0_10 = call i280 @_ssdm_op_BitConcatenate.i280.i112.i168(i112 %mul_ln1352_3, i168 0)" [sikehls/mult.cpp:33]   --->   Operation 139 'bitconcatenate' 'partial_products_0_10' <Predicate = true> <Delay = 0.00>
ST_4 : Operation 140 [1/1] (0.00ns)   --->   "%zext_ln1503_2 = zext i280 %partial_products_0_10 to i896" [sikehls/mult.cpp:33]   --->   Operation 140 'zext' 'zext_ln1503_2' <Predicate = true> <Delay = 0.00>
ST_4 : Operation 141 [1/2] (8.62ns)   --->   "%mul_ln1352_4 = mul i112 %zext_ln215_5, %zext_ln215_1" [sikehls/mult.cpp:32]   --->   Operation 141 'mul' 'mul_ln1352_4' <Predicate = true> <Delay = 8.62> <Core = "MulnS">   --->   Core 17 'MulnS' <Latency = 1> <II = 1> <Delay = 8.62> <FuncUnit> <Opcode : 'mul'> <InPorts = 2> <OutPorts = 1>
ST_4 : Operation 142 [1/1] (0.00ns)   --->   "%partial_products_0_11 = call i336 @_ssdm_op_BitConcatenate.i336.i112.i224(i112 %mul_ln1352_4, i224 0)" [sikehls/mult.cpp:33]   --->   Operation 142 'bitconcatenate' 'partial_products_0_11' <Predicate = true> <Delay = 0.00>
ST_4 : Operation 143 [1/1] (0.00ns)   --->   "%zext_ln1503_3 = zext i336 %partial_products_0_11 to i896" [sikehls/mult.cpp:33]   --->   Operation 143 'zext' 'zext_ln1503_3' <Predicate = true> <Delay = 0.00>
ST_4 : Operation 144 [1/2] (8.62ns)   --->   "%mul_ln1352_5 = mul i112 %zext_ln215_6, %zext_ln215_1" [sikehls/mult.cpp:32]   --->   Operation 144 'mul' 'mul_ln1352_5' <Predicate = true> <Delay = 8.62> <Core = "MulnS">   --->   Core 17 'MulnS' <Latency = 1> <II = 1> <Delay = 8.62> <FuncUnit> <Opcode : 'mul'> <InPorts = 2> <OutPorts = 1>
ST_4 : Operation 145 [1/1] (0.00ns)   --->   "%partial_products_0_12 = call i392 @_ssdm_op_BitConcatenate.i392.i112.i280(i112 %mul_ln1352_5, i280 0)" [sikehls/mult.cpp:33]   --->   Operation 145 'bitconcatenate' 'partial_products_0_12' <Predicate = true> <Delay = 0.00>
ST_4 : Operation 146 [1/1] (0.00ns)   --->   "%zext_ln1503_4 = zext i392 %partial_products_0_12 to i896" [sikehls/mult.cpp:33]   --->   Operation 146 'zext' 'zext_ln1503_4' <Predicate = true> <Delay = 0.00>
ST_4 : Operation 147 [1/2] (8.62ns)   --->   "%mul_ln1352_6 = mul i112 %zext_ln215_7, %zext_ln215_1" [sikehls/mult.cpp:32]   --->   Operation 147 'mul' 'mul_ln1352_6' <Predicate = true> <Delay = 8.62> <Core = "MulnS">   --->   Core 17 'MulnS' <Latency = 1> <II = 1> <Delay = 8.62> <FuncUnit> <Opcode : 'mul'> <InPorts = 2> <OutPorts = 1>
ST_4 : Operation 148 [1/1] (0.00ns)   --->   "%partial_products_0_13 = call i448 @_ssdm_op_BitConcatenate.i448.i112.i336(i112 %mul_ln1352_6, i336 0)" [sikehls/mult.cpp:33]   --->   Operation 148 'bitconcatenate' 'partial_products_0_13' <Predicate = true> <Delay = 0.00>
ST_4 : Operation 149 [1/1] (0.00ns)   --->   "%zext_ln1503_5 = zext i448 %partial_products_0_13 to i896" [sikehls/mult.cpp:33]   --->   Operation 149 'zext' 'zext_ln1503_5' <Predicate = true> <Delay = 0.00>
ST_4 : Operation 150 [1/2] (8.62ns)   --->   "%mul_ln1352_7 = mul i112 %zext_ln215_8, %zext_ln215_1" [sikehls/mult.cpp:32]   --->   Operation 150 'mul' 'mul_ln1352_7' <Predicate = true> <Delay = 8.62> <Core = "MulnS">   --->   Core 17 'MulnS' <Latency = 1> <II = 1> <Delay = 8.62> <FuncUnit> <Opcode : 'mul'> <InPorts = 2> <OutPorts = 1>
ST_4 : Operation 151 [1/1] (0.00ns)   --->   "%partial_products_0_14 = call i504 @_ssdm_op_BitConcatenate.i504.i112.i392(i112 %mul_ln1352_7, i392 0)" [sikehls/mult.cpp:33]   --->   Operation 151 'bitconcatenate' 'partial_products_0_14' <Predicate = true> <Delay = 0.00>
ST_4 : Operation 152 [1/1] (0.00ns)   --->   "%zext_ln1503_6 = zext i504 %partial_products_0_14 to i896" [sikehls/mult.cpp:33]   --->   Operation 152 'zext' 'zext_ln1503_6' <Predicate = true> <Delay = 0.00>
ST_4 : Operation 153 [1/1] (0.00ns)   --->   "store i896 %zext_ln1503_6, i896* %partial_products_6_s" [sikehls/mult.cpp:33]   --->   Operation 153 'store' <Predicate = (trunc_ln215 == 6)> <Delay = 0.00>
ST_4 : Operation 154 [1/1] (0.00ns)   --->   "store i896 %zext_ln1503_5, i896* %partial_products_6_1" [sikehls/mult.cpp:33]   --->   Operation 154 'store' <Predicate = (trunc_ln215 == 6)> <Delay = 0.00>
ST_4 : Operation 155 [1/1] (0.00ns)   --->   "store i896 %zext_ln1503_4, i896* %partial_products_6_2" [sikehls/mult.cpp:33]   --->   Operation 155 'store' <Predicate = (trunc_ln215 == 6)> <Delay = 0.00>
ST_4 : Operation 156 [1/1] (0.00ns)   --->   "store i896 %zext_ln1503_3, i896* %partial_products_6_3" [sikehls/mult.cpp:33]   --->   Operation 156 'store' <Predicate = (trunc_ln215 == 6)> <Delay = 0.00>
ST_4 : Operation 157 [1/1] (0.00ns)   --->   "store i896 %zext_ln1503_2, i896* %partial_products_6_4" [sikehls/mult.cpp:33]   --->   Operation 157 'store' <Predicate = (trunc_ln215 == 6)> <Delay = 0.00>
ST_4 : Operation 158 [1/1] (0.00ns)   --->   "store i896 %zext_ln1503_1, i896* %partial_products_6_5" [sikehls/mult.cpp:33]   --->   Operation 158 'store' <Predicate = (trunc_ln215 == 6)> <Delay = 0.00>
ST_4 : Operation 159 [1/1] (0.00ns)   --->   "store i896 %zext_ln1503, i896* %partial_products_6_6" [sikehls/mult.cpp:33]   --->   Operation 159 'store' <Predicate = (trunc_ln215 == 6)> <Delay = 0.00>
ST_4 : Operation 160 [1/1] (0.00ns)   --->   "store i896 %partial_products_0_7, i896* %partial_products_7_13" [sikehls/mult.cpp:32]   --->   Operation 160 'store' <Predicate = (trunc_ln215 == 6)> <Delay = 0.00>
ST_4 : Operation 161 [1/1] (0.00ns)   --->   "store i896 %zext_ln1503_6, i896* %partial_products_5_s" [sikehls/mult.cpp:33]   --->   Operation 161 'store' <Predicate = (trunc_ln215 == 5)> <Delay = 0.00>
ST_4 : Operation 162 [1/1] (0.00ns)   --->   "store i896 %zext_ln1503_5, i896* %partial_products_5_1" [sikehls/mult.cpp:33]   --->   Operation 162 'store' <Predicate = (trunc_ln215 == 5)> <Delay = 0.00>
ST_4 : Operation 163 [1/1] (0.00ns)   --->   "store i896 %zext_ln1503_4, i896* %partial_products_5_2" [sikehls/mult.cpp:33]   --->   Operation 163 'store' <Predicate = (trunc_ln215 == 5)> <Delay = 0.00>
ST_4 : Operation 164 [1/1] (0.00ns)   --->   "store i896 %zext_ln1503_3, i896* %partial_products_5_3" [sikehls/mult.cpp:33]   --->   Operation 164 'store' <Predicate = (trunc_ln215 == 5)> <Delay = 0.00>
ST_4 : Operation 165 [1/1] (0.00ns)   --->   "store i896 %zext_ln1503_2, i896* %partial_products_5_4" [sikehls/mult.cpp:33]   --->   Operation 165 'store' <Predicate = (trunc_ln215 == 5)> <Delay = 0.00>
ST_4 : Operation 166 [1/1] (0.00ns)   --->   "store i896 %zext_ln1503_1, i896* %partial_products_5_5" [sikehls/mult.cpp:33]   --->   Operation 166 'store' <Predicate = (trunc_ln215 == 5)> <Delay = 0.00>
ST_4 : Operation 167 [1/1] (0.00ns)   --->   "store i896 %zext_ln1503, i896* %partial_products_5_6" [sikehls/mult.cpp:33]   --->   Operation 167 'store' <Predicate = (trunc_ln215 == 5)> <Delay = 0.00>
ST_4 : Operation 168 [1/1] (0.00ns)   --->   "store i896 %partial_products_0_7, i896* %partial_products_7_12" [sikehls/mult.cpp:32]   --->   Operation 168 'store' <Predicate = (trunc_ln215 == 5)> <Delay = 0.00>
ST_4 : Operation 169 [1/1] (0.00ns)   --->   "store i896 %zext_ln1503_6, i896* %partial_products_4_s" [sikehls/mult.cpp:33]   --->   Operation 169 'store' <Predicate = (trunc_ln215 == 4)> <Delay = 0.00>
ST_4 : Operation 170 [1/1] (0.00ns)   --->   "store i896 %zext_ln1503_5, i896* %partial_products_4_1" [sikehls/mult.cpp:33]   --->   Operation 170 'store' <Predicate = (trunc_ln215 == 4)> <Delay = 0.00>
ST_4 : Operation 171 [1/1] (0.00ns)   --->   "store i896 %zext_ln1503_4, i896* %partial_products_4_2" [sikehls/mult.cpp:33]   --->   Operation 171 'store' <Predicate = (trunc_ln215 == 4)> <Delay = 0.00>
ST_4 : Operation 172 [1/1] (0.00ns)   --->   "store i896 %zext_ln1503_3, i896* %partial_products_4_3" [sikehls/mult.cpp:33]   --->   Operation 172 'store' <Predicate = (trunc_ln215 == 4)> <Delay = 0.00>
ST_4 : Operation 173 [1/1] (0.00ns)   --->   "store i896 %zext_ln1503_2, i896* %partial_products_4_4" [sikehls/mult.cpp:33]   --->   Operation 173 'store' <Predicate = (trunc_ln215 == 4)> <Delay = 0.00>
ST_4 : Operation 174 [1/1] (0.00ns)   --->   "store i896 %zext_ln1503_1, i896* %partial_products_4_5" [sikehls/mult.cpp:33]   --->   Operation 174 'store' <Predicate = (trunc_ln215 == 4)> <Delay = 0.00>
ST_4 : Operation 175 [1/1] (0.00ns)   --->   "store i896 %zext_ln1503, i896* %partial_products_4_6" [sikehls/mult.cpp:33]   --->   Operation 175 'store' <Predicate = (trunc_ln215 == 4)> <Delay = 0.00>
ST_4 : Operation 176 [1/1] (0.00ns)   --->   "store i896 %partial_products_0_7, i896* %partial_products_7_11" [sikehls/mult.cpp:32]   --->   Operation 176 'store' <Predicate = (trunc_ln215 == 4)> <Delay = 0.00>
ST_4 : Operation 177 [1/1] (0.00ns)   --->   "store i896 %zext_ln1503_6, i896* %partial_products_3_s" [sikehls/mult.cpp:33]   --->   Operation 177 'store' <Predicate = (trunc_ln215 == 3)> <Delay = 0.00>
ST_4 : Operation 178 [1/1] (0.00ns)   --->   "store i896 %zext_ln1503_5, i896* %partial_products_3_1" [sikehls/mult.cpp:33]   --->   Operation 178 'store' <Predicate = (trunc_ln215 == 3)> <Delay = 0.00>
ST_4 : Operation 179 [1/1] (0.00ns)   --->   "store i896 %zext_ln1503_4, i896* %partial_products_3_2" [sikehls/mult.cpp:33]   --->   Operation 179 'store' <Predicate = (trunc_ln215 == 3)> <Delay = 0.00>
ST_4 : Operation 180 [1/1] (0.00ns)   --->   "store i896 %zext_ln1503_3, i896* %partial_products_3_3" [sikehls/mult.cpp:33]   --->   Operation 180 'store' <Predicate = (trunc_ln215 == 3)> <Delay = 0.00>
ST_4 : Operation 181 [1/1] (0.00ns)   --->   "store i896 %zext_ln1503_2, i896* %partial_products_3_4" [sikehls/mult.cpp:33]   --->   Operation 181 'store' <Predicate = (trunc_ln215 == 3)> <Delay = 0.00>
ST_4 : Operation 182 [1/1] (0.00ns)   --->   "store i896 %zext_ln1503_1, i896* %partial_products_3_5" [sikehls/mult.cpp:33]   --->   Operation 182 'store' <Predicate = (trunc_ln215 == 3)> <Delay = 0.00>
ST_4 : Operation 183 [1/1] (0.00ns)   --->   "store i896 %zext_ln1503, i896* %partial_products_3_6" [sikehls/mult.cpp:33]   --->   Operation 183 'store' <Predicate = (trunc_ln215 == 3)> <Delay = 0.00>
ST_4 : Operation 184 [1/1] (0.00ns)   --->   "store i896 %partial_products_0_7, i896* %partial_products_7_10" [sikehls/mult.cpp:32]   --->   Operation 184 'store' <Predicate = (trunc_ln215 == 3)> <Delay = 0.00>
ST_4 : Operation 185 [1/1] (0.00ns)   --->   "store i896 %zext_ln1503_6, i896* %partial_products_2_s" [sikehls/mult.cpp:33]   --->   Operation 185 'store' <Predicate = (trunc_ln215 == 2)> <Delay = 0.00>
ST_4 : Operation 186 [1/1] (0.00ns)   --->   "store i896 %zext_ln1503_5, i896* %partial_products_2_1" [sikehls/mult.cpp:33]   --->   Operation 186 'store' <Predicate = (trunc_ln215 == 2)> <Delay = 0.00>
ST_4 : Operation 187 [1/1] (0.00ns)   --->   "store i896 %zext_ln1503_4, i896* %partial_products_2_2" [sikehls/mult.cpp:33]   --->   Operation 187 'store' <Predicate = (trunc_ln215 == 2)> <Delay = 0.00>
ST_4 : Operation 188 [1/1] (0.00ns)   --->   "store i896 %zext_ln1503_3, i896* %partial_products_2_3" [sikehls/mult.cpp:33]   --->   Operation 188 'store' <Predicate = (trunc_ln215 == 2)> <Delay = 0.00>
ST_4 : Operation 189 [1/1] (0.00ns)   --->   "store i896 %zext_ln1503_2, i896* %partial_products_2_4" [sikehls/mult.cpp:33]   --->   Operation 189 'store' <Predicate = (trunc_ln215 == 2)> <Delay = 0.00>
ST_4 : Operation 190 [1/1] (0.00ns)   --->   "store i896 %zext_ln1503_1, i896* %partial_products_2_5" [sikehls/mult.cpp:33]   --->   Operation 190 'store' <Predicate = (trunc_ln215 == 2)> <Delay = 0.00>
ST_4 : Operation 191 [1/1] (0.00ns)   --->   "store i896 %zext_ln1503, i896* %partial_products_2_6" [sikehls/mult.cpp:33]   --->   Operation 191 'store' <Predicate = (trunc_ln215 == 2)> <Delay = 0.00>
ST_4 : Operation 192 [1/1] (0.00ns)   --->   "store i896 %partial_products_0_7, i896* %partial_products_7_9" [sikehls/mult.cpp:32]   --->   Operation 192 'store' <Predicate = (trunc_ln215 == 2)> <Delay = 0.00>
ST_4 : Operation 193 [1/1] (0.00ns)   --->   "store i896 %zext_ln1503_6, i896* %partial_products_1_s" [sikehls/mult.cpp:33]   --->   Operation 193 'store' <Predicate = (trunc_ln215 == 1)> <Delay = 0.00>
ST_4 : Operation 194 [1/1] (0.00ns)   --->   "store i896 %zext_ln1503_5, i896* %partial_products_1_1" [sikehls/mult.cpp:33]   --->   Operation 194 'store' <Predicate = (trunc_ln215 == 1)> <Delay = 0.00>
ST_4 : Operation 195 [1/1] (0.00ns)   --->   "store i896 %zext_ln1503_4, i896* %partial_products_1_2" [sikehls/mult.cpp:33]   --->   Operation 195 'store' <Predicate = (trunc_ln215 == 1)> <Delay = 0.00>
ST_4 : Operation 196 [1/1] (0.00ns)   --->   "store i896 %zext_ln1503_3, i896* %partial_products_1_3" [sikehls/mult.cpp:33]   --->   Operation 196 'store' <Predicate = (trunc_ln215 == 1)> <Delay = 0.00>
ST_4 : Operation 197 [1/1] (0.00ns)   --->   "store i896 %zext_ln1503_2, i896* %partial_products_1_4" [sikehls/mult.cpp:33]   --->   Operation 197 'store' <Predicate = (trunc_ln215 == 1)> <Delay = 0.00>
ST_4 : Operation 198 [1/1] (0.00ns)   --->   "store i896 %zext_ln1503_1, i896* %partial_products_1_5" [sikehls/mult.cpp:33]   --->   Operation 198 'store' <Predicate = (trunc_ln215 == 1)> <Delay = 0.00>
ST_4 : Operation 199 [1/1] (0.00ns)   --->   "store i896 %zext_ln1503, i896* %partial_products_1_6" [sikehls/mult.cpp:33]   --->   Operation 199 'store' <Predicate = (trunc_ln215 == 1)> <Delay = 0.00>
ST_4 : Operation 200 [1/1] (0.00ns)   --->   "store i896 %partial_products_0_7, i896* %partial_products_7_8" [sikehls/mult.cpp:32]   --->   Operation 200 'store' <Predicate = (trunc_ln215 == 1)> <Delay = 0.00>
ST_4 : Operation 201 [1/1] (0.00ns)   --->   "store i896 %zext_ln1503_6, i896* %partial_products_0_s" [sikehls/mult.cpp:33]   --->   Operation 201 'store' <Predicate = (trunc_ln215 == 0)> <Delay = 0.00>
ST_4 : Operation 202 [1/1] (0.00ns)   --->   "store i896 %zext_ln1503_5, i896* %partial_products_0_1" [sikehls/mult.cpp:33]   --->   Operation 202 'store' <Predicate = (trunc_ln215 == 0)> <Delay = 0.00>
ST_4 : Operation 203 [1/1] (0.00ns)   --->   "store i896 %zext_ln1503_4, i896* %partial_products_0_2" [sikehls/mult.cpp:33]   --->   Operation 203 'store' <Predicate = (trunc_ln215 == 0)> <Delay = 0.00>
ST_4 : Operation 204 [1/1] (0.00ns)   --->   "store i896 %zext_ln1503_3, i896* %partial_products_0_3" [sikehls/mult.cpp:33]   --->   Operation 204 'store' <Predicate = (trunc_ln215 == 0)> <Delay = 0.00>
ST_4 : Operation 205 [1/1] (0.00ns)   --->   "store i896 %zext_ln1503_2, i896* %partial_products_0_4" [sikehls/mult.cpp:33]   --->   Operation 205 'store' <Predicate = (trunc_ln215 == 0)> <Delay = 0.00>
ST_4 : Operation 206 [1/1] (0.00ns)   --->   "store i896 %zext_ln1503_1, i896* %partial_products_0_5" [sikehls/mult.cpp:33]   --->   Operation 206 'store' <Predicate = (trunc_ln215 == 0)> <Delay = 0.00>
ST_4 : Operation 207 [1/1] (0.00ns)   --->   "store i896 %zext_ln1503, i896* %partial_products_0_6" [sikehls/mult.cpp:33]   --->   Operation 207 'store' <Predicate = (trunc_ln215 == 0)> <Delay = 0.00>
ST_4 : Operation 208 [1/1] (0.00ns)   --->   "store i896 %partial_products_0_7, i896* %partial_products_7_7" [sikehls/mult.cpp:33]   --->   Operation 208 'store' <Predicate = (trunc_ln215 == 0)> <Delay = 0.00>
ST_4 : Operation 209 [1/1] (0.00ns)   --->   "store i896 %zext_ln1503_6, i896* %partial_products_7_s" [sikehls/mult.cpp:33]   --->   Operation 209 'store' <Predicate = (trunc_ln215 == 7)> <Delay = 0.00>
ST_4 : Operation 210 [1/1] (0.00ns)   --->   "store i896 %zext_ln1503_5, i896* %partial_products_7_1" [sikehls/mult.cpp:33]   --->   Operation 210 'store' <Predicate = (trunc_ln215 == 7)> <Delay = 0.00>
ST_4 : Operation 211 [1/1] (0.00ns)   --->   "store i896 %zext_ln1503_4, i896* %partial_products_7_2" [sikehls/mult.cpp:33]   --->   Operation 211 'store' <Predicate = (trunc_ln215 == 7)> <Delay = 0.00>
ST_4 : Operation 212 [1/1] (0.00ns)   --->   "store i896 %zext_ln1503_3, i896* %partial_products_7_3" [sikehls/mult.cpp:33]   --->   Operation 212 'store' <Predicate = (trunc_ln215 == 7)> <Delay = 0.00>
ST_4 : Operation 213 [1/1] (0.00ns)   --->   "store i896 %zext_ln1503_2, i896* %partial_products_7_4" [sikehls/mult.cpp:33]   --->   Operation 213 'store' <Predicate = (trunc_ln215 == 7)> <Delay = 0.00>
ST_4 : Operation 214 [1/1] (0.00ns)   --->   "store i896 %zext_ln1503_1, i896* %partial_products_7_5" [sikehls/mult.cpp:33]   --->   Operation 214 'store' <Predicate = (trunc_ln215 == 7)> <Delay = 0.00>
ST_4 : Operation 215 [1/1] (0.00ns)   --->   "store i896 %zext_ln1503, i896* %partial_products_7_6" [sikehls/mult.cpp:33]   --->   Operation 215 'store' <Predicate = (trunc_ln215 == 7)> <Delay = 0.00>
ST_4 : Operation 216 [1/1] (0.00ns)   --->   "store i896 %partial_products_0_7, i896* %partial_products_7_14" [sikehls/mult.cpp:32]   --->   Operation 216 'store' <Predicate = (trunc_ln215 == 7)> <Delay = 0.00>
ST_4 : Operation 217 [1/1] (0.00ns)   --->   "%empty_12 = call i32 (...)* @_ssdm_op_SpecRegionEnd([8 x i8]* @p_str12, i32 %tmp)" [sikehls/mult.cpp:38]   --->   Operation 217 'specregionend' 'empty_12' <Predicate = (!icmp_ln28)> <Delay = 0.00>
ST_4 : Operation 218 [1/1] (0.00ns)   --->   "br label %.preheader424" [sikehls/mult.cpp:28]   --->   Operation 218 'br' <Predicate = (!icmp_ln28)> <Delay = 0.00>

State 5 <SV = 2> <Delay = 1.76>
ST_5 : Operation 219 [1/1] (1.76ns)   --->   "br label %.preheader" [sikehls/mult.cpp:41]   --->   Operation 219 'br' <Predicate = true> <Delay = 1.76>

State 6 <SV = 3> <Delay = 5.92>
ST_6 : Operation 220 [1/1] (0.00ns)   --->   "%sum_V_0_0 = phi i896 [ %sum_0_V, %_ZlsILi896ELb0EEN11ap_int_baseIXT_EXT0_EE5RTypeIXT_EXT0_EE4arg1ERKS1_i.exit.0 ], [ 0, %.preheader.preheader ]"   --->   Operation 220 'phi' 'sum_V_0_0' <Predicate = true> <Delay = 0.00>
ST_6 : Operation 221 [1/1] (0.00ns)   --->   "%sum_V_1_0 = phi i896 [ %sum_1_V, %_ZlsILi896ELb0EEN11ap_int_baseIXT_EXT0_EE5RTypeIXT_EXT0_EE4arg1ERKS1_i.exit.0 ], [ 0, %.preheader.preheader ]"   --->   Operation 221 'phi' 'sum_V_1_0' <Predicate = true> <Delay = 0.00>
ST_6 : Operation 222 [1/1] (0.00ns)   --->   "%sum_V_2_0 = phi i896 [ %sum_2_V, %_ZlsILi896ELb0EEN11ap_int_baseIXT_EXT0_EE5RTypeIXT_EXT0_EE4arg1ERKS1_i.exit.0 ], [ 0, %.preheader.preheader ]"   --->   Operation 222 'phi' 'sum_V_2_0' <Predicate = true> <Delay = 0.00>
ST_6 : Operation 223 [1/1] (0.00ns)   --->   "%sum_V_3_0 = phi i896 [ %sum_3_V, %_ZlsILi896ELb0EEN11ap_int_baseIXT_EXT0_EE5RTypeIXT_EXT0_EE4arg1ERKS1_i.exit.0 ], [ 0, %.preheader.preheader ]"   --->   Operation 223 'phi' 'sum_V_3_0' <Predicate = true> <Delay = 0.00>
ST_6 : Operation 224 [1/1] (0.00ns)   --->   "%sum_V_4_0 = phi i896 [ %sum_4_V, %_ZlsILi896ELb0EEN11ap_int_baseIXT_EXT0_EE5RTypeIXT_EXT0_EE4arg1ERKS1_i.exit.0 ], [ 0, %.preheader.preheader ]"   --->   Operation 224 'phi' 'sum_V_4_0' <Predicate = true> <Delay = 0.00>
ST_6 : Operation 225 [1/1] (0.00ns)   --->   "%sum_V_5_0 = phi i896 [ %sum_5_V, %_ZlsILi896ELb0EEN11ap_int_baseIXT_EXT0_EE5RTypeIXT_EXT0_EE4arg1ERKS1_i.exit.0 ], [ 0, %.preheader.preheader ]"   --->   Operation 225 'phi' 'sum_V_5_0' <Predicate = true> <Delay = 0.00>
ST_6 : Operation 226 [1/1] (0.00ns)   --->   "%sum_V_6_0 = phi i896 [ %sum_6_V, %_ZlsILi896ELb0EEN11ap_int_baseIXT_EXT0_EE5RTypeIXT_EXT0_EE4arg1ERKS1_i.exit.0 ], [ 0, %.preheader.preheader ]"   --->   Operation 226 'phi' 'sum_V_6_0' <Predicate = true> <Delay = 0.00>
ST_6 : Operation 227 [1/1] (0.00ns)   --->   "%sum_V_7_0 = phi i896 [ %sum_7_V, %_ZlsILi896ELb0EEN11ap_int_baseIXT_EXT0_EE5RTypeIXT_EXT0_EE4arg1ERKS1_i.exit.0 ], [ 0, %.preheader.preheader ]"   --->   Operation 227 'phi' 'sum_V_7_0' <Predicate = true> <Delay = 0.00>
ST_6 : Operation 228 [1/1] (0.00ns)   --->   "%i8_0 = phi i4 [ %i, %_ZlsILi896ELb0EEN11ap_int_baseIXT_EXT0_EE5RTypeIXT_EXT0_EE4arg1ERKS1_i.exit.0 ], [ 0, %.preheader.preheader ]"   --->   Operation 228 'phi' 'i8_0' <Predicate = true> <Delay = 0.00>
ST_6 : Operation 229 [1/1] (1.30ns)   --->   "%icmp_ln41 = icmp eq i4 %i8_0, -8" [sikehls/mult.cpp:41]   --->   Operation 229 'icmp' 'icmp_ln41' <Predicate = true> <Delay = 1.30> <Core = "Cmp">   --->   Core 25 'Cmp' <Latency = 0> <II = 1> <Delay = 1.30> <FuncUnit> <Opcode : 'icmp'> <InPorts = 2> <OutPorts = 1>
ST_6 : Operation 230 [1/1] (0.00ns)   --->   "%empty_13 = call i32 (...)* @_ssdm_op_SpecLoopTripCount(i64 8, i64 8, i64 8)"   --->   Operation 230 'speclooptripcount' 'empty_13' <Predicate = true> <Delay = 0.00>
ST_6 : Operation 231 [1/1] (1.73ns)   --->   "%i = add i4 %i8_0, 1" [sikehls/mult.cpp:41]   --->   Operation 231 'add' 'i' <Predicate = true> <Delay = 1.73> <Core = "AddSub">   --->   Core 14 'AddSub' <Latency = 0> <II = 1> <Delay = 1.73> <FuncUnit> <Opcode : 'add' 'sub'> <InPorts = 2> <OutPorts = 1>
ST_6 : Operation 232 [1/1] (0.00ns)   --->   "br i1 %icmp_ln41, label %0, label %_ZlsILi896ELb0EEN11ap_int_baseIXT_EXT0_EE5RTypeIXT_EXT0_EE4arg1ERKS1_i.exit.0" [sikehls/mult.cpp:41]   --->   Operation 232 'br' <Predicate = true> <Delay = 0.00>
ST_6 : Operation 233 [1/1] (0.00ns)   --->   "%partial_products_7_15 = load i896* %partial_products_7_7" [sikehls/mult.cpp:44]   --->   Operation 233 'load' 'partial_products_7_15' <Predicate = (!icmp_ln41)> <Delay = 0.00>
ST_6 : Operation 234 [1/1] (0.00ns)   --->   "%partial_products_0_15 = load i896* %partial_products_0_6" [sikehls/mult.cpp:44]   --->   Operation 234 'load' 'partial_products_0_15' <Predicate = (!icmp_ln41)> <Delay = 0.00>
ST_6 : Operation 235 [1/1] (0.00ns)   --->   "%partial_products_0_16 = load i896* %partial_products_0_5" [sikehls/mult.cpp:44]   --->   Operation 235 'load' 'partial_products_0_16' <Predicate = (!icmp_ln41)> <Delay = 0.00>
ST_6 : Operation 236 [1/1] (0.00ns)   --->   "%partial_products_0_17 = load i896* %partial_products_0_4" [sikehls/mult.cpp:44]   --->   Operation 236 'load' 'partial_products_0_17' <Predicate = (!icmp_ln41)> <Delay = 0.00>
ST_6 : Operation 237 [1/1] (0.00ns)   --->   "%partial_products_0_18 = load i896* %partial_products_0_3" [sikehls/mult.cpp:44]   --->   Operation 237 'load' 'partial_products_0_18' <Predicate = (!icmp_ln41)> <Delay = 0.00>
ST_6 : Operation 238 [1/1] (0.00ns)   --->   "%partial_products_0_19 = load i896* %partial_products_0_2" [sikehls/mult.cpp:44]   --->   Operation 238 'load' 'partial_products_0_19' <Predicate = (!icmp_ln41)> <Delay = 0.00>
ST_6 : Operation 239 [1/1] (0.00ns)   --->   "%partial_products_0_20 = load i896* %partial_products_0_1" [sikehls/mult.cpp:44]   --->   Operation 239 'load' 'partial_products_0_20' <Predicate = (!icmp_ln41)> <Delay = 0.00>
ST_6 : Operation 240 [1/1] (0.00ns)   --->   "%partial_products_0_21 = load i896* %partial_products_0_s" [sikehls/mult.cpp:44]   --->   Operation 240 'load' 'partial_products_0_21' <Predicate = (!icmp_ln41)> <Delay = 0.00>
ST_6 : Operation 241 [1/1] (0.00ns)   --->   "%partial_products_7_16 = load i896* %partial_products_7_8" [sikehls/mult.cpp:44]   --->   Operation 241 'load' 'partial_products_7_16' <Predicate = (!icmp_ln41)> <Delay = 0.00>
ST_6 : Operation 242 [1/1] (0.00ns)   --->   "%partial_products_1_7 = load i896* %partial_products_1_6" [sikehls/mult.cpp:44]   --->   Operation 242 'load' 'partial_products_1_7' <Predicate = (!icmp_ln41)> <Delay = 0.00>
ST_6 : Operation 243 [1/1] (0.00ns)   --->   "%partial_products_1_8 = load i896* %partial_products_1_5" [sikehls/mult.cpp:44]   --->   Operation 243 'load' 'partial_products_1_8' <Predicate = (!icmp_ln41)> <Delay = 0.00>
ST_6 : Operation 244 [1/1] (0.00ns)   --->   "%partial_products_1_9 = load i896* %partial_products_1_4" [sikehls/mult.cpp:44]   --->   Operation 244 'load' 'partial_products_1_9' <Predicate = (!icmp_ln41)> <Delay = 0.00>
ST_6 : Operation 245 [1/1] (0.00ns)   --->   "%partial_products_1_10 = load i896* %partial_products_1_3" [sikehls/mult.cpp:44]   --->   Operation 245 'load' 'partial_products_1_10' <Predicate = (!icmp_ln41)> <Delay = 0.00>
ST_6 : Operation 246 [1/1] (0.00ns)   --->   "%partial_products_1_11 = load i896* %partial_products_1_2" [sikehls/mult.cpp:44]   --->   Operation 246 'load' 'partial_products_1_11' <Predicate = (!icmp_ln41)> <Delay = 0.00>
ST_6 : Operation 247 [1/1] (0.00ns)   --->   "%partial_products_1_12 = load i896* %partial_products_1_1" [sikehls/mult.cpp:44]   --->   Operation 247 'load' 'partial_products_1_12' <Predicate = (!icmp_ln41)> <Delay = 0.00>
ST_6 : Operation 248 [1/1] (0.00ns)   --->   "%partial_products_1_13 = load i896* %partial_products_1_s" [sikehls/mult.cpp:44]   --->   Operation 248 'load' 'partial_products_1_13' <Predicate = (!icmp_ln41)> <Delay = 0.00>
ST_6 : Operation 249 [1/1] (0.00ns)   --->   "%partial_products_7_17 = load i896* %partial_products_7_9" [sikehls/mult.cpp:44]   --->   Operation 249 'load' 'partial_products_7_17' <Predicate = (!icmp_ln41)> <Delay = 0.00>
ST_6 : Operation 250 [1/1] (0.00ns)   --->   "%partial_products_2_7 = load i896* %partial_products_2_6" [sikehls/mult.cpp:44]   --->   Operation 250 'load' 'partial_products_2_7' <Predicate = (!icmp_ln41)> <Delay = 0.00>
ST_6 : Operation 251 [1/1] (0.00ns)   --->   "%partial_products_2_8 = load i896* %partial_products_2_5" [sikehls/mult.cpp:44]   --->   Operation 251 'load' 'partial_products_2_8' <Predicate = (!icmp_ln41)> <Delay = 0.00>
ST_6 : Operation 252 [1/1] (0.00ns)   --->   "%partial_products_2_9 = load i896* %partial_products_2_4" [sikehls/mult.cpp:44]   --->   Operation 252 'load' 'partial_products_2_9' <Predicate = (!icmp_ln41)> <Delay = 0.00>
ST_6 : Operation 253 [1/1] (0.00ns)   --->   "%partial_products_2_10 = load i896* %partial_products_2_3" [sikehls/mult.cpp:44]   --->   Operation 253 'load' 'partial_products_2_10' <Predicate = (!icmp_ln41)> <Delay = 0.00>
ST_6 : Operation 254 [1/1] (0.00ns)   --->   "%partial_products_2_11 = load i896* %partial_products_2_2" [sikehls/mult.cpp:44]   --->   Operation 254 'load' 'partial_products_2_11' <Predicate = (!icmp_ln41)> <Delay = 0.00>
ST_6 : Operation 255 [1/1] (0.00ns)   --->   "%partial_products_2_12 = load i896* %partial_products_2_1" [sikehls/mult.cpp:44]   --->   Operation 255 'load' 'partial_products_2_12' <Predicate = (!icmp_ln41)> <Delay = 0.00>
ST_6 : Operation 256 [1/1] (0.00ns)   --->   "%partial_products_2_13 = load i896* %partial_products_2_s" [sikehls/mult.cpp:44]   --->   Operation 256 'load' 'partial_products_2_13' <Predicate = (!icmp_ln41)> <Delay = 0.00>
ST_6 : Operation 257 [1/1] (0.00ns)   --->   "%partial_products_7_18 = load i896* %partial_products_7_10" [sikehls/mult.cpp:44]   --->   Operation 257 'load' 'partial_products_7_18' <Predicate = (!icmp_ln41)> <Delay = 0.00>
ST_6 : Operation 258 [1/1] (0.00ns)   --->   "%partial_products_3_7 = load i896* %partial_products_3_6" [sikehls/mult.cpp:44]   --->   Operation 258 'load' 'partial_products_3_7' <Predicate = (!icmp_ln41)> <Delay = 0.00>
ST_6 : Operation 259 [1/1] (0.00ns)   --->   "%partial_products_3_8 = load i896* %partial_products_3_5" [sikehls/mult.cpp:44]   --->   Operation 259 'load' 'partial_products_3_8' <Predicate = (!icmp_ln41)> <Delay = 0.00>
ST_6 : Operation 260 [1/1] (0.00ns)   --->   "%partial_products_3_9 = load i896* %partial_products_3_4" [sikehls/mult.cpp:44]   --->   Operation 260 'load' 'partial_products_3_9' <Predicate = (!icmp_ln41)> <Delay = 0.00>
ST_6 : Operation 261 [1/1] (0.00ns)   --->   "%partial_products_3_10 = load i896* %partial_products_3_3" [sikehls/mult.cpp:44]   --->   Operation 261 'load' 'partial_products_3_10' <Predicate = (!icmp_ln41)> <Delay = 0.00>
ST_6 : Operation 262 [1/1] (0.00ns)   --->   "%partial_products_3_11 = load i896* %partial_products_3_2" [sikehls/mult.cpp:44]   --->   Operation 262 'load' 'partial_products_3_11' <Predicate = (!icmp_ln41)> <Delay = 0.00>
ST_6 : Operation 263 [1/1] (0.00ns)   --->   "%partial_products_3_12 = load i896* %partial_products_3_1" [sikehls/mult.cpp:44]   --->   Operation 263 'load' 'partial_products_3_12' <Predicate = (!icmp_ln41)> <Delay = 0.00>
ST_6 : Operation 264 [1/1] (0.00ns)   --->   "%partial_products_3_13 = load i896* %partial_products_3_s" [sikehls/mult.cpp:44]   --->   Operation 264 'load' 'partial_products_3_13' <Predicate = (!icmp_ln41)> <Delay = 0.00>
ST_6 : Operation 265 [1/1] (0.00ns)   --->   "%partial_products_7_19 = load i896* %partial_products_7_11" [sikehls/mult.cpp:44]   --->   Operation 265 'load' 'partial_products_7_19' <Predicate = (!icmp_ln41)> <Delay = 0.00>
ST_6 : Operation 266 [1/1] (0.00ns)   --->   "%partial_products_4_7 = load i896* %partial_products_4_6" [sikehls/mult.cpp:44]   --->   Operation 266 'load' 'partial_products_4_7' <Predicate = (!icmp_ln41)> <Delay = 0.00>
ST_6 : Operation 267 [1/1] (0.00ns)   --->   "%partial_products_4_8 = load i896* %partial_products_4_5" [sikehls/mult.cpp:44]   --->   Operation 267 'load' 'partial_products_4_8' <Predicate = (!icmp_ln41)> <Delay = 0.00>
ST_6 : Operation 268 [1/1] (0.00ns)   --->   "%partial_products_4_9 = load i896* %partial_products_4_4" [sikehls/mult.cpp:44]   --->   Operation 268 'load' 'partial_products_4_9' <Predicate = (!icmp_ln41)> <Delay = 0.00>
ST_6 : Operation 269 [1/1] (0.00ns)   --->   "%partial_products_4_10 = load i896* %partial_products_4_3" [sikehls/mult.cpp:44]   --->   Operation 269 'load' 'partial_products_4_10' <Predicate = (!icmp_ln41)> <Delay = 0.00>
ST_6 : Operation 270 [1/1] (0.00ns)   --->   "%partial_products_4_11 = load i896* %partial_products_4_2" [sikehls/mult.cpp:44]   --->   Operation 270 'load' 'partial_products_4_11' <Predicate = (!icmp_ln41)> <Delay = 0.00>
ST_6 : Operation 271 [1/1] (0.00ns)   --->   "%partial_products_4_12 = load i896* %partial_products_4_1" [sikehls/mult.cpp:44]   --->   Operation 271 'load' 'partial_products_4_12' <Predicate = (!icmp_ln41)> <Delay = 0.00>
ST_6 : Operation 272 [1/1] (0.00ns)   --->   "%partial_products_4_13 = load i896* %partial_products_4_s" [sikehls/mult.cpp:44]   --->   Operation 272 'load' 'partial_products_4_13' <Predicate = (!icmp_ln41)> <Delay = 0.00>
ST_6 : Operation 273 [1/1] (0.00ns)   --->   "%partial_products_7_20 = load i896* %partial_products_7_12" [sikehls/mult.cpp:44]   --->   Operation 273 'load' 'partial_products_7_20' <Predicate = (!icmp_ln41)> <Delay = 0.00>
ST_6 : Operation 274 [1/1] (0.00ns)   --->   "%partial_products_5_7 = load i896* %partial_products_5_6" [sikehls/mult.cpp:44]   --->   Operation 274 'load' 'partial_products_5_7' <Predicate = (!icmp_ln41)> <Delay = 0.00>
ST_6 : Operation 275 [1/1] (0.00ns)   --->   "%partial_products_5_8 = load i896* %partial_products_5_5" [sikehls/mult.cpp:44]   --->   Operation 275 'load' 'partial_products_5_8' <Predicate = (!icmp_ln41)> <Delay = 0.00>
ST_6 : Operation 276 [1/1] (0.00ns)   --->   "%partial_products_5_9 = load i896* %partial_products_5_4" [sikehls/mult.cpp:44]   --->   Operation 276 'load' 'partial_products_5_9' <Predicate = (!icmp_ln41)> <Delay = 0.00>
ST_6 : Operation 277 [1/1] (0.00ns)   --->   "%partial_products_5_10 = load i896* %partial_products_5_3" [sikehls/mult.cpp:44]   --->   Operation 277 'load' 'partial_products_5_10' <Predicate = (!icmp_ln41)> <Delay = 0.00>
ST_6 : Operation 278 [1/1] (0.00ns)   --->   "%partial_products_5_11 = load i896* %partial_products_5_2" [sikehls/mult.cpp:44]   --->   Operation 278 'load' 'partial_products_5_11' <Predicate = (!icmp_ln41)> <Delay = 0.00>
ST_6 : Operation 279 [1/1] (0.00ns)   --->   "%partial_products_5_12 = load i896* %partial_products_5_1" [sikehls/mult.cpp:44]   --->   Operation 279 'load' 'partial_products_5_12' <Predicate = (!icmp_ln41)> <Delay = 0.00>
ST_6 : Operation 280 [1/1] (0.00ns)   --->   "%partial_products_5_13 = load i896* %partial_products_5_s" [sikehls/mult.cpp:44]   --->   Operation 280 'load' 'partial_products_5_13' <Predicate = (!icmp_ln41)> <Delay = 0.00>
ST_6 : Operation 281 [1/1] (0.00ns)   --->   "%partial_products_7_21 = load i896* %partial_products_7_13" [sikehls/mult.cpp:44]   --->   Operation 281 'load' 'partial_products_7_21' <Predicate = (!icmp_ln41)> <Delay = 0.00>
ST_6 : Operation 282 [1/1] (0.00ns)   --->   "%partial_products_6_7 = load i896* %partial_products_6_6" [sikehls/mult.cpp:44]   --->   Operation 282 'load' 'partial_products_6_7' <Predicate = (!icmp_ln41)> <Delay = 0.00>
ST_6 : Operation 283 [1/1] (0.00ns)   --->   "%partial_products_6_8 = load i896* %partial_products_6_5" [sikehls/mult.cpp:44]   --->   Operation 283 'load' 'partial_products_6_8' <Predicate = (!icmp_ln41)> <Delay = 0.00>
ST_6 : Operation 284 [1/1] (0.00ns)   --->   "%partial_products_6_9 = load i896* %partial_products_6_4" [sikehls/mult.cpp:44]   --->   Operation 284 'load' 'partial_products_6_9' <Predicate = (!icmp_ln41)> <Delay = 0.00>
ST_6 : Operation 285 [1/1] (0.00ns)   --->   "%partial_products_6_10 = load i896* %partial_products_6_3" [sikehls/mult.cpp:44]   --->   Operation 285 'load' 'partial_products_6_10' <Predicate = (!icmp_ln41)> <Delay = 0.00>
ST_6 : Operation 286 [1/1] (0.00ns)   --->   "%partial_products_6_11 = load i896* %partial_products_6_2" [sikehls/mult.cpp:44]   --->   Operation 286 'load' 'partial_products_6_11' <Predicate = (!icmp_ln41)> <Delay = 0.00>
ST_6 : Operation 287 [1/1] (0.00ns)   --->   "%partial_products_6_12 = load i896* %partial_products_6_1" [sikehls/mult.cpp:44]   --->   Operation 287 'load' 'partial_products_6_12' <Predicate = (!icmp_ln41)> <Delay = 0.00>
ST_6 : Operation 288 [1/1] (0.00ns)   --->   "%partial_products_6_13 = load i896* %partial_products_6_s" [sikehls/mult.cpp:44]   --->   Operation 288 'load' 'partial_products_6_13' <Predicate = (!icmp_ln41)> <Delay = 0.00>
ST_6 : Operation 289 [1/1] (0.00ns)   --->   "%partial_products_7_22 = load i896* %partial_products_7_14" [sikehls/mult.cpp:44]   --->   Operation 289 'load' 'partial_products_7_22' <Predicate = (!icmp_ln41)> <Delay = 0.00>
ST_6 : Operation 290 [1/1] (0.00ns)   --->   "%partial_products_7_23 = load i896* %partial_products_7_6" [sikehls/mult.cpp:44]   --->   Operation 290 'load' 'partial_products_7_23' <Predicate = (!icmp_ln41)> <Delay = 0.00>
ST_6 : Operation 291 [1/1] (0.00ns)   --->   "%partial_products_7_24 = load i896* %partial_products_7_5" [sikehls/mult.cpp:44]   --->   Operation 291 'load' 'partial_products_7_24' <Predicate = (!icmp_ln41)> <Delay = 0.00>
ST_6 : Operation 292 [1/1] (0.00ns)   --->   "%partial_products_7_25 = load i896* %partial_products_7_4" [sikehls/mult.cpp:44]   --->   Operation 292 'load' 'partial_products_7_25' <Predicate = (!icmp_ln41)> <Delay = 0.00>
ST_6 : Operation 293 [1/1] (0.00ns)   --->   "%partial_products_7_26 = load i896* %partial_products_7_3" [sikehls/mult.cpp:44]   --->   Operation 293 'load' 'partial_products_7_26' <Predicate = (!icmp_ln41)> <Delay = 0.00>
ST_6 : Operation 294 [1/1] (0.00ns)   --->   "%partial_products_7_27 = load i896* %partial_products_7_2" [sikehls/mult.cpp:44]   --->   Operation 294 'load' 'partial_products_7_27' <Predicate = (!icmp_ln41)> <Delay = 0.00>
ST_6 : Operation 295 [1/1] (0.00ns)   --->   "%partial_products_7_28 = load i896* %partial_products_7_1" [sikehls/mult.cpp:44]   --->   Operation 295 'load' 'partial_products_7_28' <Predicate = (!icmp_ln41)> <Delay = 0.00>
ST_6 : Operation 296 [1/1] (0.00ns)   --->   "%partial_products_7_29 = load i896* %partial_products_7_s" [sikehls/mult.cpp:44]   --->   Operation 296 'load' 'partial_products_7_29' <Predicate = (!icmp_ln41)> <Delay = 0.00>
ST_6 : Operation 297 [1/1] (0.00ns)   --->   "%trunc_ln44 = trunc i4 %i8_0 to i3" [sikehls/mult.cpp:44]   --->   Operation 297 'trunc' 'trunc_ln44' <Predicate = (!icmp_ln41)> <Delay = 0.00>
ST_6 : Operation 298 [1/1] (2.47ns)   --->   "%tmp_2 = call i896 @_ssdm_op_Mux.ap_auto.8i896.i3(i896 %partial_products_7_15, i896 %partial_products_0_15, i896 %partial_products_0_16, i896 %partial_products_0_17, i896 %partial_products_0_18, i896 %partial_products_0_19, i896 %partial_products_0_20, i896 %partial_products_0_21, i3 %trunc_ln44)" [sikehls/mult.cpp:44]   --->   Operation 298 'mux' 'tmp_2' <Predicate = (!icmp_ln41)> <Delay = 2.47> <Core = "MuxnS">   --->   Core 31 'MuxnS' <Latency = 0> <II = 1> <Delay = 2.47> <FuncUnit> <Opcode : 'mux'> <InPorts = 2> <OutPorts = 1>
ST_6 : Operation 299 [2/2] (3.44ns)   --->   "%sum_0_V = add i896 %tmp_2, %sum_V_0_0" [sikehls/mult.cpp:44]   --->   Operation 299 'add' 'sum_0_V' <Predicate = (!icmp_ln41)> <Delay = 3.44> <Core = "AddSubnS">   --->   Core 15 'AddSubnS' <Latency = 1> <II = 1> <Delay = 3.44> <FuncUnit> <Opcode : 'add' 'sub'> <InPorts = 2> <OutPorts = 1>
ST_6 : Operation 300 [1/1] (2.47ns)   --->   "%tmp_3 = call i896 @_ssdm_op_Mux.ap_auto.8i896.i3(i896 %partial_products_7_16, i896 %partial_products_1_7, i896 %partial_products_1_8, i896 %partial_products_1_9, i896 %partial_products_1_10, i896 %partial_products_1_11, i896 %partial_products_1_12, i896 %partial_products_1_13, i3 %trunc_ln44)" [sikehls/mult.cpp:44]   --->   Operation 300 'mux' 'tmp_3' <Predicate = (!icmp_ln41)> <Delay = 2.47> <Core = "MuxnS">   --->   Core 31 'MuxnS' <Latency = 0> <II = 1> <Delay = 2.47> <FuncUnit> <Opcode : 'mux'> <InPorts = 2> <OutPorts = 1>
ST_6 : Operation 301 [1/1] (0.00ns)   --->   "%shl_ln1503 = shl i896 %tmp_3, 56" [sikehls/mult.cpp:44]   --->   Operation 301 'shl' 'shl_ln1503' <Predicate = (!icmp_ln41)> <Delay = 0.00>
ST_6 : Operation 302 [2/2] (3.44ns)   --->   "%sum_1_V = add i896 %shl_ln1503, %sum_V_1_0" [sikehls/mult.cpp:44]   --->   Operation 302 'add' 'sum_1_V' <Predicate = (!icmp_ln41)> <Delay = 3.44> <Core = "AddSubnS">   --->   Core 15 'AddSubnS' <Latency = 1> <II = 1> <Delay = 3.44> <FuncUnit> <Opcode : 'add' 'sub'> <InPorts = 2> <OutPorts = 1>
ST_6 : Operation 303 [1/1] (2.47ns)   --->   "%tmp_4 = call i896 @_ssdm_op_Mux.ap_auto.8i896.i3(i896 %partial_products_7_17, i896 %partial_products_2_7, i896 %partial_products_2_8, i896 %partial_products_2_9, i896 %partial_products_2_10, i896 %partial_products_2_11, i896 %partial_products_2_12, i896 %partial_products_2_13, i3 %trunc_ln44)" [sikehls/mult.cpp:44]   --->   Operation 303 'mux' 'tmp_4' <Predicate = (!icmp_ln41)> <Delay = 2.47> <Core = "MuxnS">   --->   Core 31 'MuxnS' <Latency = 0> <II = 1> <Delay = 2.47> <FuncUnit> <Opcode : 'mux'> <InPorts = 2> <OutPorts = 1>
ST_6 : Operation 304 [1/1] (0.00ns)   --->   "%shl_ln1503_1 = shl i896 %tmp_4, 112" [sikehls/mult.cpp:44]   --->   Operation 304 'shl' 'shl_ln1503_1' <Predicate = (!icmp_ln41)> <Delay = 0.00>
ST_6 : Operation 305 [2/2] (3.44ns)   --->   "%sum_2_V = add i896 %shl_ln1503_1, %sum_V_2_0" [sikehls/mult.cpp:44]   --->   Operation 305 'add' 'sum_2_V' <Predicate = (!icmp_ln41)> <Delay = 3.44> <Core = "AddSubnS">   --->   Core 15 'AddSubnS' <Latency = 1> <II = 1> <Delay = 3.44> <FuncUnit> <Opcode : 'add' 'sub'> <InPorts = 2> <OutPorts = 1>
ST_6 : Operation 306 [1/1] (2.47ns)   --->   "%tmp_5 = call i896 @_ssdm_op_Mux.ap_auto.8i896.i3(i896 %partial_products_7_18, i896 %partial_products_3_7, i896 %partial_products_3_8, i896 %partial_products_3_9, i896 %partial_products_3_10, i896 %partial_products_3_11, i896 %partial_products_3_12, i896 %partial_products_3_13, i3 %trunc_ln44)" [sikehls/mult.cpp:44]   --->   Operation 306 'mux' 'tmp_5' <Predicate = (!icmp_ln41)> <Delay = 2.47> <Core = "MuxnS">   --->   Core 31 'MuxnS' <Latency = 0> <II = 1> <Delay = 2.47> <FuncUnit> <Opcode : 'mux'> <InPorts = 2> <OutPorts = 1>
ST_6 : Operation 307 [1/1] (0.00ns)   --->   "%shl_ln1503_2 = shl i896 %tmp_5, 168" [sikehls/mult.cpp:44]   --->   Operation 307 'shl' 'shl_ln1503_2' <Predicate = (!icmp_ln41)> <Delay = 0.00>
ST_6 : Operation 308 [2/2] (3.44ns)   --->   "%sum_3_V = add i896 %shl_ln1503_2, %sum_V_3_0" [sikehls/mult.cpp:44]   --->   Operation 308 'add' 'sum_3_V' <Predicate = (!icmp_ln41)> <Delay = 3.44> <Core = "AddSubnS">   --->   Core 15 'AddSubnS' <Latency = 1> <II = 1> <Delay = 3.44> <FuncUnit> <Opcode : 'add' 'sub'> <InPorts = 2> <OutPorts = 1>
ST_6 : Operation 309 [1/1] (2.47ns)   --->   "%tmp_6 = call i896 @_ssdm_op_Mux.ap_auto.8i896.i3(i896 %partial_products_7_19, i896 %partial_products_4_7, i896 %partial_products_4_8, i896 %partial_products_4_9, i896 %partial_products_4_10, i896 %partial_products_4_11, i896 %partial_products_4_12, i896 %partial_products_4_13, i3 %trunc_ln44)" [sikehls/mult.cpp:44]   --->   Operation 309 'mux' 'tmp_6' <Predicate = (!icmp_ln41)> <Delay = 2.47> <Core = "MuxnS">   --->   Core 31 'MuxnS' <Latency = 0> <II = 1> <Delay = 2.47> <FuncUnit> <Opcode : 'mux'> <InPorts = 2> <OutPorts = 1>
ST_6 : Operation 310 [1/1] (0.00ns)   --->   "%shl_ln1503_3 = shl i896 %tmp_6, 224" [sikehls/mult.cpp:44]   --->   Operation 310 'shl' 'shl_ln1503_3' <Predicate = (!icmp_ln41)> <Delay = 0.00>
ST_6 : Operation 311 [2/2] (3.44ns)   --->   "%sum_4_V = add i896 %shl_ln1503_3, %sum_V_4_0" [sikehls/mult.cpp:44]   --->   Operation 311 'add' 'sum_4_V' <Predicate = (!icmp_ln41)> <Delay = 3.44> <Core = "AddSubnS">   --->   Core 15 'AddSubnS' <Latency = 1> <II = 1> <Delay = 3.44> <FuncUnit> <Opcode : 'add' 'sub'> <InPorts = 2> <OutPorts = 1>
ST_6 : Operation 312 [1/1] (2.47ns)   --->   "%tmp_7 = call i896 @_ssdm_op_Mux.ap_auto.8i896.i3(i896 %partial_products_7_20, i896 %partial_products_5_7, i896 %partial_products_5_8, i896 %partial_products_5_9, i896 %partial_products_5_10, i896 %partial_products_5_11, i896 %partial_products_5_12, i896 %partial_products_5_13, i3 %trunc_ln44)" [sikehls/mult.cpp:44]   --->   Operation 312 'mux' 'tmp_7' <Predicate = (!icmp_ln41)> <Delay = 2.47> <Core = "MuxnS">   --->   Core 31 'MuxnS' <Latency = 0> <II = 1> <Delay = 2.47> <FuncUnit> <Opcode : 'mux'> <InPorts = 2> <OutPorts = 1>
ST_6 : Operation 313 [1/1] (0.00ns)   --->   "%shl_ln1503_4 = shl i896 %tmp_7, 280" [sikehls/mult.cpp:44]   --->   Operation 313 'shl' 'shl_ln1503_4' <Predicate = (!icmp_ln41)> <Delay = 0.00>
ST_6 : Operation 314 [2/2] (3.44ns)   --->   "%sum_5_V = add i896 %shl_ln1503_4, %sum_V_5_0" [sikehls/mult.cpp:44]   --->   Operation 314 'add' 'sum_5_V' <Predicate = (!icmp_ln41)> <Delay = 3.44> <Core = "AddSubnS">   --->   Core 15 'AddSubnS' <Latency = 1> <II = 1> <Delay = 3.44> <FuncUnit> <Opcode : 'add' 'sub'> <InPorts = 2> <OutPorts = 1>
ST_6 : Operation 315 [1/1] (2.47ns)   --->   "%tmp_8 = call i896 @_ssdm_op_Mux.ap_auto.8i896.i3(i896 %partial_products_7_21, i896 %partial_products_6_7, i896 %partial_products_6_8, i896 %partial_products_6_9, i896 %partial_products_6_10, i896 %partial_products_6_11, i896 %partial_products_6_12, i896 %partial_products_6_13, i3 %trunc_ln44)" [sikehls/mult.cpp:44]   --->   Operation 315 'mux' 'tmp_8' <Predicate = (!icmp_ln41)> <Delay = 2.47> <Core = "MuxnS">   --->   Core 31 'MuxnS' <Latency = 0> <II = 1> <Delay = 2.47> <FuncUnit> <Opcode : 'mux'> <InPorts = 2> <OutPorts = 1>
ST_6 : Operation 316 [1/1] (0.00ns)   --->   "%shl_ln1503_5 = shl i896 %tmp_8, 336" [sikehls/mult.cpp:44]   --->   Operation 316 'shl' 'shl_ln1503_5' <Predicate = (!icmp_ln41)> <Delay = 0.00>
ST_6 : Operation 317 [2/2] (3.44ns)   --->   "%sum_6_V = add i896 %shl_ln1503_5, %sum_V_6_0" [sikehls/mult.cpp:44]   --->   Operation 317 'add' 'sum_6_V' <Predicate = (!icmp_ln41)> <Delay = 3.44> <Core = "AddSubnS">   --->   Core 15 'AddSubnS' <Latency = 1> <II = 1> <Delay = 3.44> <FuncUnit> <Opcode : 'add' 'sub'> <InPorts = 2> <OutPorts = 1>
ST_6 : Operation 318 [1/1] (2.47ns)   --->   "%tmp_9 = call i896 @_ssdm_op_Mux.ap_auto.8i896.i3(i896 %partial_products_7_22, i896 %partial_products_7_23, i896 %partial_products_7_24, i896 %partial_products_7_25, i896 %partial_products_7_26, i896 %partial_products_7_27, i896 %partial_products_7_28, i896 %partial_products_7_29, i3 %trunc_ln44)" [sikehls/mult.cpp:44]   --->   Operation 318 'mux' 'tmp_9' <Predicate = (!icmp_ln41)> <Delay = 2.47> <Core = "MuxnS">   --->   Core 31 'MuxnS' <Latency = 0> <II = 1> <Delay = 2.47> <FuncUnit> <Opcode : 'mux'> <InPorts = 2> <OutPorts = 1>
ST_6 : Operation 319 [1/1] (0.00ns)   --->   "%shl_ln1503_6 = shl i896 %tmp_9, 392" [sikehls/mult.cpp:44]   --->   Operation 319 'shl' 'shl_ln1503_6' <Predicate = (!icmp_ln41)> <Delay = 0.00>
ST_6 : Operation 320 [2/2] (3.44ns)   --->   "%sum_7_V = add i896 %shl_ln1503_6, %sum_V_7_0" [sikehls/mult.cpp:44]   --->   Operation 320 'add' 'sum_7_V' <Predicate = (!icmp_ln41)> <Delay = 3.44> <Core = "AddSubnS">   --->   Core 15 'AddSubnS' <Latency = 1> <II = 1> <Delay = 3.44> <FuncUnit> <Opcode : 'add' 'sub'> <InPorts = 2> <OutPorts = 1>
ST_6 : Operation 321 [2/2] (3.44ns)   --->   "%add_ln209 = add i896 %sum_V_1_0, %sum_V_0_0" [sikehls/mult.cpp:51]   --->   Operation 321 'add' 'add_ln209' <Predicate = (icmp_ln41)> <Delay = 3.44> <Core = "AddSubnS">   --->   Core 15 'AddSubnS' <Latency = 1> <II = 1> <Delay = 3.44> <FuncUnit> <Opcode : 'add' 'sub'> <InPorts = 2> <OutPorts = 1>
ST_6 : Operation 322 [2/2] (3.44ns)   --->   "%add_ln209_4 = add i896 %sum_V_2_0, %sum_V_3_0" [sikehls/mult.cpp:51]   --->   Operation 322 'add' 'add_ln209_4' <Predicate = (icmp_ln41)> <Delay = 3.44> <Core = "AddSubnS">   --->   Core 15 'AddSubnS' <Latency = 1> <II = 1> <Delay = 3.44> <FuncUnit> <Opcode : 'add' 'sub'> <InPorts = 2> <OutPorts = 1>
ST_6 : Operation 323 [2/2] (3.44ns)   --->   "%add_ln209_6 = add i896 %sum_V_4_0, %sum_V_5_0" [sikehls/mult.cpp:51]   --->   Operation 323 'add' 'add_ln209_6' <Predicate = (icmp_ln41)> <Delay = 3.44> <Core = "AddSubnS">   --->   Core 15 'AddSubnS' <Latency = 1> <II = 1> <Delay = 3.44> <FuncUnit> <Opcode : 'add' 'sub'> <InPorts = 2> <OutPorts = 1>
ST_6 : Operation 324 [2/2] (3.44ns)   --->   "%add_ln209_7 = add i896 %sum_V_6_0, %sum_V_7_0" [sikehls/mult.cpp:51]   --->   Operation 324 'add' 'add_ln209_7' <Predicate = (icmp_ln41)> <Delay = 3.44> <Core = "AddSubnS">   --->   Core 15 'AddSubnS' <Latency = 1> <II = 1> <Delay = 3.44> <FuncUnit> <Opcode : 'add' 'sub'> <InPorts = 2> <OutPorts = 1>

State 7 <SV = 4> <Delay = 3.44>
ST_7 : Operation 325 [1/1] (0.00ns)   --->   "call void (...)* @_ssdm_op_SpecLoopName([6 x i8]* @p_str14) nounwind" [sikehls/mult.cpp:41]   --->   Operation 325 'specloopname' <Predicate = true> <Delay = 0.00>
ST_7 : Operation 326 [1/2] (3.44ns)   --->   "%sum_0_V = add i896 %tmp_2, %sum_V_0_0" [sikehls/mult.cpp:44]   --->   Operation 326 'add' 'sum_0_V' <Predicate = true> <Delay = 3.44> <Core = "AddSubnS">   --->   Core 15 'AddSubnS' <Latency = 1> <II = 1> <Delay = 3.44> <FuncUnit> <Opcode : 'add' 'sub'> <InPorts = 2> <OutPorts = 1>
ST_7 : Operation 327 [1/2] (3.44ns)   --->   "%sum_1_V = add i896 %shl_ln1503, %sum_V_1_0" [sikehls/mult.cpp:44]   --->   Operation 327 'add' 'sum_1_V' <Predicate = true> <Delay = 3.44> <Core = "AddSubnS">   --->   Core 15 'AddSubnS' <Latency = 1> <II = 1> <Delay = 3.44> <FuncUnit> <Opcode : 'add' 'sub'> <InPorts = 2> <OutPorts = 1>
ST_7 : Operation 328 [1/2] (3.44ns)   --->   "%sum_2_V = add i896 %shl_ln1503_1, %sum_V_2_0" [sikehls/mult.cpp:44]   --->   Operation 328 'add' 'sum_2_V' <Predicate = true> <Delay = 3.44> <Core = "AddSubnS">   --->   Core 15 'AddSubnS' <Latency = 1> <II = 1> <Delay = 3.44> <FuncUnit> <Opcode : 'add' 'sub'> <InPorts = 2> <OutPorts = 1>
ST_7 : Operation 329 [1/2] (3.44ns)   --->   "%sum_3_V = add i896 %shl_ln1503_2, %sum_V_3_0" [sikehls/mult.cpp:44]   --->   Operation 329 'add' 'sum_3_V' <Predicate = true> <Delay = 3.44> <Core = "AddSubnS">   --->   Core 15 'AddSubnS' <Latency = 1> <II = 1> <Delay = 3.44> <FuncUnit> <Opcode : 'add' 'sub'> <InPorts = 2> <OutPorts = 1>
ST_7 : Operation 330 [1/2] (3.44ns)   --->   "%sum_4_V = add i896 %shl_ln1503_3, %sum_V_4_0" [sikehls/mult.cpp:44]   --->   Operation 330 'add' 'sum_4_V' <Predicate = true> <Delay = 3.44> <Core = "AddSubnS">   --->   Core 15 'AddSubnS' <Latency = 1> <II = 1> <Delay = 3.44> <FuncUnit> <Opcode : 'add' 'sub'> <InPorts = 2> <OutPorts = 1>
ST_7 : Operation 331 [1/2] (3.44ns)   --->   "%sum_5_V = add i896 %shl_ln1503_4, %sum_V_5_0" [sikehls/mult.cpp:44]   --->   Operation 331 'add' 'sum_5_V' <Predicate = true> <Delay = 3.44> <Core = "AddSubnS">   --->   Core 15 'AddSubnS' <Latency = 1> <II = 1> <Delay = 3.44> <FuncUnit> <Opcode : 'add' 'sub'> <InPorts = 2> <OutPorts = 1>
ST_7 : Operation 332 [1/2] (3.44ns)   --->   "%sum_6_V = add i896 %shl_ln1503_5, %sum_V_6_0" [sikehls/mult.cpp:44]   --->   Operation 332 'add' 'sum_6_V' <Predicate = true> <Delay = 3.44> <Core = "AddSubnS">   --->   Core 15 'AddSubnS' <Latency = 1> <II = 1> <Delay = 3.44> <FuncUnit> <Opcode : 'add' 'sub'> <InPorts = 2> <OutPorts = 1>
ST_7 : Operation 333 [1/2] (3.44ns)   --->   "%sum_7_V = add i896 %shl_ln1503_6, %sum_V_7_0" [sikehls/mult.cpp:44]   --->   Operation 333 'add' 'sum_7_V' <Predicate = true> <Delay = 3.44> <Core = "AddSubnS">   --->   Core 15 'AddSubnS' <Latency = 1> <II = 1> <Delay = 3.44> <FuncUnit> <Opcode : 'add' 'sub'> <InPorts = 2> <OutPorts = 1>
ST_7 : Operation 334 [1/1] (0.00ns)   --->   "br label %.preheader" [sikehls/mult.cpp:41]   --->   Operation 334 'br' <Predicate = true> <Delay = 0.00>

State 8 <SV = 4> <Delay = 6.88>
ST_8 : Operation 335 [1/2] (3.44ns)   --->   "%add_ln209 = add i896 %sum_V_1_0, %sum_V_0_0" [sikehls/mult.cpp:51]   --->   Operation 335 'add' 'add_ln209' <Predicate = true> <Delay = 3.44> <Core = "AddSubnS">   --->   Core 15 'AddSubnS' <Latency = 1> <II = 1> <Delay = 3.44> <FuncUnit> <Opcode : 'add' 'sub'> <InPorts = 2> <OutPorts = 1>
ST_8 : Operation 336 [1/2] (3.44ns)   --->   "%add_ln209_4 = add i896 %sum_V_2_0, %sum_V_3_0" [sikehls/mult.cpp:51]   --->   Operation 336 'add' 'add_ln209_4' <Predicate = true> <Delay = 3.44> <Core = "AddSubnS">   --->   Core 15 'AddSubnS' <Latency = 1> <II = 1> <Delay = 3.44> <FuncUnit> <Opcode : 'add' 'sub'> <InPorts = 2> <OutPorts = 1>
ST_8 : Operation 337 [2/2] (3.44ns)   --->   "%add_ln209_5 = add i896 %add_ln209_4, %add_ln209" [sikehls/mult.cpp:51]   --->   Operation 337 'add' 'add_ln209_5' <Predicate = true> <Delay = 3.44> <Core = "AddSubnS">   --->   Core 15 'AddSubnS' <Latency = 1> <II = 1> <Delay = 3.44> <FuncUnit> <Opcode : 'add' 'sub'> <InPorts = 2> <OutPorts = 1>
ST_8 : Operation 338 [1/2] (3.44ns)   --->   "%add_ln209_6 = add i896 %sum_V_4_0, %sum_V_5_0" [sikehls/mult.cpp:51]   --->   Operation 338 'add' 'add_ln209_6' <Predicate = true> <Delay = 3.44> <Core = "AddSubnS">   --->   Core 15 'AddSubnS' <Latency = 1> <II = 1> <Delay = 3.44> <FuncUnit> <Opcode : 'add' 'sub'> <InPorts = 2> <OutPorts = 1>
ST_8 : Operation 339 [1/2] (3.44ns)   --->   "%add_ln209_7 = add i896 %sum_V_6_0, %sum_V_7_0" [sikehls/mult.cpp:51]   --->   Operation 339 'add' 'add_ln209_7' <Predicate = true> <Delay = 3.44> <Core = "AddSubnS">   --->   Core 15 'AddSubnS' <Latency = 1> <II = 1> <Delay = 3.44> <FuncUnit> <Opcode : 'add' 'sub'> <InPorts = 2> <OutPorts = 1>
ST_8 : Operation 340 [2/2] (3.44ns)   --->   "%add_ln209_8 = add i896 %add_ln209_7, %add_ln209_6" [sikehls/mult.cpp:51]   --->   Operation 340 'add' 'add_ln209_8' <Predicate = true> <Delay = 3.44> <Core = "AddSubnS">   --->   Core 15 'AddSubnS' <Latency = 1> <II = 1> <Delay = 3.44> <FuncUnit> <Opcode : 'add' 'sub'> <InPorts = 2> <OutPorts = 1>

State 9 <SV = 5> <Delay = 6.88>
ST_9 : Operation 341 [1/2] (3.44ns)   --->   "%add_ln209_5 = add i896 %add_ln209_4, %add_ln209" [sikehls/mult.cpp:51]   --->   Operation 341 'add' 'add_ln209_5' <Predicate = true> <Delay = 3.44> <Core = "AddSubnS">   --->   Core 15 'AddSubnS' <Latency = 1> <II = 1> <Delay = 3.44> <FuncUnit> <Opcode : 'add' 'sub'> <InPorts = 2> <OutPorts = 1>
ST_9 : Operation 342 [1/2] (3.44ns)   --->   "%add_ln209_8 = add i896 %add_ln209_7, %add_ln209_6" [sikehls/mult.cpp:51]   --->   Operation 342 'add' 'add_ln209_8' <Predicate = true> <Delay = 3.44> <Core = "AddSubnS">   --->   Core 15 'AddSubnS' <Latency = 1> <II = 1> <Delay = 3.44> <FuncUnit> <Opcode : 'add' 'sub'> <InPorts = 2> <OutPorts = 1>
ST_9 : Operation 343 [2/2] (3.44ns)   --->   "%mult_V = add i896 %add_ln209_8, %add_ln209_5" [sikehls/mult.cpp:51]   --->   Operation 343 'add' 'mult_V' <Predicate = true> <Delay = 3.44> <Core = "AddSubnS">   --->   Core 15 'AddSubnS' <Latency = 1> <II = 1> <Delay = 3.44> <FuncUnit> <Opcode : 'add' 'sub'> <InPorts = 2> <OutPorts = 1>

State 10 <SV = 6> <Delay = 3.44>
ST_10 : Operation 344 [1/2] (3.44ns)   --->   "%mult_V = add i896 %add_ln209_8, %add_ln209_5" [sikehls/mult.cpp:51]   --->   Operation 344 'add' 'mult_V' <Predicate = true> <Delay = 3.44> <Core = "AddSubnS">   --->   Core 15 'AddSubnS' <Latency = 1> <II = 1> <Delay = 3.44> <FuncUnit> <Opcode : 'add' 'sub'> <InPorts = 2> <OutPorts = 1>
ST_10 : Operation 345 [1/1] (0.00ns)   --->   "ret i896 %mult_V" [sikehls/mult.cpp:55]   --->   Operation 345 'ret' <Predicate = true> <Delay = 0.00>


============================================================
+ Verbose Summary: Timing violations
============================================================
Target clock period: 10ns, clock uncertainty: 1.25ns.

 <State 1>: 1.77ns
The critical path consists of the following:
	multiplexor before 'phi' operation ('i') with incoming values : ('i', sikehls/mult.cpp:28) [95]  (1.77 ns)

 <State 2>: 2.48ns
The critical path consists of the following:
	'phi' operation ('i') with incoming values : ('i', sikehls/mult.cpp:28) [95]  (0 ns)
	'mux' operation ('tmp_1', sikehls/mult.cpp:32) [105]  (2.48 ns)

 <State 3>: 8.63ns
The critical path consists of the following:
	'mul' operation ('mul_ln1352', sikehls/mult.cpp:32) [107]  (8.63 ns)

 <State 4>: 8.63ns
The critical path consists of the following:
	'mul' operation ('mul_ln1352', sikehls/mult.cpp:32) [107]  (8.63 ns)

 <State 5>: 1.77ns
The critical path consists of the following:
	multiplexor before 'phi' operation ('sum[0].V') with incoming values : ('sum[0].V', sikehls/mult.cpp:44) [217]  (1.77 ns)

 <State 6>: 5.92ns
The critical path consists of the following:
	'phi' operation ('i') with incoming values : ('i', sikehls/mult.cpp:41) [225]  (0 ns)
	'mux' operation ('tmp_2', sikehls/mult.cpp:44) [297]  (2.48 ns)
	'add' operation ('sum[0].V', sikehls/mult.cpp:44) [298]  (3.44 ns)

 <State 7>: 3.44ns
The critical path consists of the following:
	'add' operation ('sum[0].V', sikehls/mult.cpp:44) [298]  (3.44 ns)

 <State 8>: 6.88ns
The critical path consists of the following:
	'add' operation ('add_ln209', sikehls/mult.cpp:51) [322]  (3.44 ns)
	'add' operation ('add_ln209_5', sikehls/mult.cpp:51) [324]  (3.44 ns)

 <State 9>: 6.88ns
The critical path consists of the following:
	'add' operation ('add_ln209_5', sikehls/mult.cpp:51) [324]  (3.44 ns)
	'add' operation ('mult.V', sikehls/mult.cpp:51) [328]  (3.44 ns)

 <State 10>: 3.44ns
The critical path consists of the following:
	'add' operation ('mult.V', sikehls/mult.cpp:51) [328]  (3.44 ns)


============================================================
+ Verbose Summary: Binding
============================================================
N/A
* FSMD analyzer results:
  - Output states:
 - Input state : 
  - Chain level:
	State 1
	State 2
	State 3
	State 4
	State 5
	State 6
	State 7
	State 8
	State 9
	State 10


============================================================
+ Verbose Summary: Datapath Resource usage 
============================================================
N/A
