

================================================================
== Vivado HLS Report for 'bc1_mult_1'
================================================================
* Date:           Sat Dec 12 17:18:26 2020

* Version:        2019.1 (Build 2552052 on Fri May 24 15:28:33 MDT 2019)
* Project:        sikehls
* Solution:       solution1
* Product family: zynq
* Target device:  xc7z020-clg400-1


================================================================
== Performance Estimates
================================================================
+ Timing (ns): 
    * Summary: 
    +--------+-------+----------+------------+
    |  Clock | Target| Estimated| Uncertainty|
    +--------+-------+----------+------------+
    |ap_clk  |  10.00|     8.291|        1.25|
    +--------+-------+----------+------------+

+ Latency (clock cycles): 
    * Summary: 
    +-----+-----+-----+-----+---------+
    |  Latency  |  Interval | Pipeline|
    | min | max | min | max |   Type  |
    +-----+-----+-----+-----+---------+
    |   73|   73|   73|   73|   none  |
    +-----+-----+-----+-----+---------+

    + Detail: 
        * Instance: 
        N/A

        * Loop: 
        +------------+-----+-----+----------+-----------+-----------+------+----------+
        |            |  Latency  | Iteration|  Initiation Interval  | Trip |          |
        |  Loop Name | min | max |  Latency |  achieved |   target  | Count| Pipelined|
        +------------+-----+-----+----------+-----------+-----------+------+----------+
        |- loopb12   |   70|   70|        10|          -|          -|     7|    no    |
        | + loopb13  |    7|    7|         5|          -|          -|     1|    no    |
        +------------+-----+-----+----------+-----------+-----------+------+----------+



================================================================
== Utilization Estimates
================================================================
* Summary: 
+-----------------+---------+-------+--------+-------+-----+
|       Name      | BRAM_18K| DSP48E|   FF   |  LUT  | URAM|
+-----------------+---------+-------+--------+-------+-----+
|DSP              |        -|      4|       -|      -|    -|
|Expression       |        -|      -|       0|   7745|    -|
|FIFO             |        -|      -|       -|      -|    -|
|Instance         |        -|      -|       0|     40|    -|
|Memory           |        -|      -|       -|      -|    -|
|Multiplexer      |        -|      -|       -|    185|    -|
|Register         |        -|      -|    6678|      -|    -|
+-----------------+---------+-------+--------+-------+-----+
|Total            |        0|      4|    6678|   7970|    0|
+-----------------+---------+-------+--------+-------+-----+
|Available        |      280|    220|  106400|  53200|    0|
+-----------------+---------+-------+--------+-------+-----+
|Utilization (%)  |        0|      1|       6|     14|    0|
+-----------------+---------+-------+--------+-------+-----+

+ Detail: 
    * Instance: 
    +--------------------------+----------------------+---------+-------+---+----+-----+
    |         Instance         |        Module        | BRAM_18K| DSP48E| FF| LUT| URAM|
    +--------------------------+----------------------+---------+-------+---+----+-----+
    |mp_mul_mux_73_17_dEe_U35  |mp_mul_mux_73_17_dEe  |        0|      0|  0|  40|    0|
    +--------------------------+----------------------+---------+-------+---+----+-----+
    |Total                     |                      |        0|      0|  0|  40|    0|
    +--------------------------+----------------------+---------+-------+---+----+-----+

    * DSP48E: 
    +--------------------------+----------------------+-----------+
    |         Instance         |        Module        | Expression|
    +--------------------------+----------------------+-----------+
    |mp_mul_mul_mul_17eOg_U36  |mp_mul_mul_mul_17eOg  |  i0 * i1  |
    |mp_mul_mul_mul_17eOg_U37  |mp_mul_mul_mul_17eOg  |  i0 * i1  |
    |mp_mul_mul_mul_17eOg_U38  |mp_mul_mul_mul_17eOg  |  i0 * i1  |
    |mp_mul_mul_mul_17eOg_U39  |mp_mul_mul_mul_17eOg  |  i0 * i1  |
    +--------------------------+----------------------+-----------+

    * Memory: 
    N/A

    * FIFO: 
    N/A

    * Expression: 
    +---------------------------+----------+-------+---+-----+------------+------------+
    |       Variable Name       | Operation| DSP48E| FF| LUT | Bitwidth P0| Bitwidth P1|
    +---------------------------+----------+-------+---+-----+------------+------------+
    |add_ln142_1_fu_423_p2      |     +    |      0|  0|   13|           4|           4|
    |add_ln142_2_fu_454_p2      |     +    |      0|  0|   13|           4|           4|
    |add_ln142_3_fu_619_p2      |     +    |      0|  0|   13|           4|           4|
    |add_ln142_fu_392_p2        |     +    |      0|  0|   13|           4|           4|
    |add_ln68_35_fu_659_p2      |     +    |      0|  0|  233|         226|         226|
    |add_ln68_36_fu_354_p2      |     +    |      0|  0|  233|         226|         226|
    |add_ln68_37_fu_360_p2      |     +    |      0|  0|  233|         226|         226|
    |add_ln68_38_fu_664_p2      |     +    |      0|  0|  233|         226|         226|
    |add_ln68_fu_348_p2         |     +    |      0|  0|  233|         226|         226|
    |ap_return                  |     +    |      0|  0|  233|         226|         226|
    |i_fu_329_p2                |     +    |      0|  0|   12|           3|           1|
    |sum_0_V_fu_489_p2          |     +    |      0|  0|  233|         226|         226|
    |sum_1_V_fu_525_p2          |     +    |      0|  0|  233|         226|         226|
    |sum_2_V_fu_561_p2          |     +    |      0|  0|  233|         226|         226|
    |sum_3_V_fu_649_p2          |     +    |      0|  0|  233|         226|         226|
    |icmp_ln137_fu_323_p2       |   icmp   |      0|  0|    9|           3|           2|
    |icmp_ln139_fu_613_p2       |   icmp   |      0|  0|    9|           3|           2|
    |icmp_ln215_13_fu_407_p2    |   icmp   |      0|  0|    9|           3|           1|
    |icmp_ln215_14_fu_438_p2    |   icmp   |      0|  0|    9|           3|           2|
    |icmp_ln215_fu_376_p2       |   icmp   |      0|  0|    9|           3|           1|
    |or_ln139_1_fu_428_p2       |    or    |      0|  0|    3|           3|           2|
    |or_ln139_2_fu_603_p2       |    or    |      0|  0|    3|           3|           2|
    |or_ln139_fu_397_p2         |    or    |      0|  0|    3|           3|           1|
    |select_ln215_13_fu_413_p3  |  select  |      0|  0|   17|           1|          17|
    |select_ln215_14_fu_444_p3  |  select  |      0|  0|   17|           1|          17|
    |select_ln215_fu_382_p3     |  select  |      0|  0|   17|           1|          17|
    |select_ln700_51_fu_518_p3  |  select  |      0|  0|  226|           1|         226|
    |select_ln700_54_fu_554_p3  |  select  |      0|  0|  226|           1|         226|
    |select_ln700_fu_482_p3     |  select  |      0|  0|  226|           1|         226|
    |sum_4_V_13_fu_567_p3       |  select  |      0|  0|  226|           1|         226|
    |sum_4_V_14_fu_573_p3       |  select  |      0|  0|  226|           1|         226|
    |sum_5_V_13_fu_579_p3       |  select  |      0|  0|  226|           1|         226|
    |sum_5_V_14_fu_585_p3       |  select  |      0|  0|  226|           1|         226|
    |sum_6_V_13_fu_591_p3       |  select  |      0|  0|  226|           1|         226|
    |sum_6_V_14_fu_597_p3       |  select  |      0|  0|  226|           1|         226|
    |shl_ln1503_1_fu_508_p2     |    shl   |      0|  0|  822|         224|         224|
    |shl_ln1503_2_fu_544_p2     |    shl   |      0|  0|  822|         224|         224|
    |shl_ln1503_3_fu_640_p2     |    shl   |      0|  0|  822|         224|         224|
    |shl_ln1503_fu_472_p2       |    shl   |      0|  0|  742|         204|         204|
    |xor_ln139_fu_624_p2        |    xor   |      0|  0|    4|           3|           4|
    +---------------------------+----------+-------+---+-----+------------+------------+
    |Total                      |          |      0|  0| 7745|        3194|        5255|
    +---------------------------+----------+-------+---+-----+------------+------------+

    * Multiplexer: 
    +-------------------+----+-----------+-----+-----------+
    |        Name       | LUT| Input Size| Bits| Total Bits|
    +-------------------+----+-----------+-----+-----------+
    |ap_NS_fsm          |  50|         11|    1|         11|
    |i4_0_reg_150       |   9|          2|    3|          6|
    |j_0_0_reg_161      |   9|          2|    3|          6|
    |sum_3_V_7_fu_68    |   9|          2|  226|        452|
    |sum_V_0_0_reg_78   |   9|          2|  226|        452|
    |sum_V_0_1_reg_173  |   9|          2|  226|        452|
    |sum_V_1_0_reg_90   |   9|          2|  226|        452|
    |sum_V_1_1_reg_184  |   9|          2|  226|        452|
    |sum_V_2_0_reg_102  |   9|          2|  226|        452|
    |sum_V_2_1_reg_195  |   9|          2|  226|        452|
    |sum_V_4_0_reg_114  |   9|          2|  226|        452|
    |sum_V_4_1_reg_206  |   9|          2|  226|        452|
    |sum_V_5_0_reg_126  |   9|          2|  226|        452|
    |sum_V_5_1_reg_217  |   9|          2|  226|        452|
    |sum_V_6_0_reg_138  |   9|          2|  226|        452|
    |sum_V_6_1_reg_228  |   9|          2|  226|        452|
    +-------------------+----+-----------+-----+-----------+
    |Total              | 185|         41| 2945|       5899|
    +-------------------+----+-----------+-----+-----------+

    * Register: 
    +-----------------------+-----+----+-----+-----------+
    |          Name         |  FF | LUT| Bits| Const Bits|
    +-----------------------+-----+----+-----+-----------+
    |add_ln142_1_reg_824    |    4|   0|    4|          0|
    |add_ln142_2_reg_842    |    4|   0|    4|          0|
    |add_ln142_3_reg_905    |    4|   0|    4|          0|
    |add_ln142_reg_806      |    4|   0|    4|          0|
    |add_ln68_35_reg_921    |  226|   0|  226|          0|
    |add_ln68_36_reg_772    |  226|   0|  226|          0|
    |add_ln68_37_reg_777    |  226|   0|  226|          0|
    |add_ln68_38_reg_926    |  226|   0|  226|          0|
    |add_ln68_reg_767       |  226|   0|  226|          0|
    |ai_0_V_reg_700         |   17|   0|   17|          0|
    |ai_1_V_reg_706         |   17|   0|   17|          0|
    |ai_2_V_reg_712         |   17|   0|   17|          0|
    |ai_3_V_reg_718         |   17|   0|   17|          0|
    |ai_4_V_reg_723         |   17|   0|   17|          0|
    |ai_5_V_reg_729         |   17|   0|   17|          0|
    |ai_6_V_reg_735         |   17|   0|   17|          0|
    |ap_CS_fsm              |   10|   0|   10|          0|
    |i4_0_reg_150           |    3|   0|    3|          0|
    |i_reg_757              |    3|   0|    3|          0|
    |icmp_ln215_13_reg_812  |    1|   0|    1|          0|
    |icmp_ln215_14_reg_830  |    1|   0|    1|          0|
    |icmp_ln215_reg_794     |    1|   0|    1|          0|
    |j_0_0_reg_161          |    3|   0|    3|          0|
    |mul_ln1352_19_reg_819  |   34|   0|   34|          0|
    |mul_ln1352_20_reg_837  |   34|   0|   34|          0|
    |mul_ln1352_reg_801     |   34|   0|   34|          0|
    |sum_0_V_reg_848        |  226|   0|  226|          0|
    |sum_1_V_reg_854        |  226|   0|  226|          0|
    |sum_2_V_reg_860        |  226|   0|  226|          0|
    |sum_3_V_7_fu_68        |  226|   0|  226|          0|
    |sum_3_V_reg_916        |  226|   0|  226|          0|
    |sum_4_V_13_reg_866     |  226|   0|  226|          0|
    |sum_4_V_14_reg_872     |  226|   0|  226|          0|
    |sum_5_V_13_reg_878     |  226|   0|  226|          0|
    |sum_5_V_14_reg_884     |  226|   0|  226|          0|
    |sum_6_V_13_reg_890     |  226|   0|  226|          0|
    |sum_6_V_14_reg_896     |  226|   0|  226|          0|
    |sum_V_0_0_reg_78       |  226|   0|  226|          0|
    |sum_V_0_1_reg_173      |  226|   0|  226|          0|
    |sum_V_1_0_reg_90       |  226|   0|  226|          0|
    |sum_V_1_1_reg_184      |  226|   0|  226|          0|
    |sum_V_2_0_reg_102      |  226|   0|  226|          0|
    |sum_V_2_1_reg_195      |  226|   0|  226|          0|
    |sum_V_4_0_reg_114      |  226|   0|  226|          0|
    |sum_V_4_1_reg_206      |  226|   0|  226|          0|
    |sum_V_5_0_reg_126      |  226|   0|  226|          0|
    |sum_V_5_1_reg_217      |  226|   0|  226|          0|
    |sum_V_6_0_reg_138      |  226|   0|  226|          0|
    |sum_V_6_1_reg_228      |  226|   0|  226|          0|
    |tmp_1_reg_762          |   17|   0|   17|          0|
    |xor_ln139_reg_911      |    3|   0|    3|          0|
    |zext_ln137_reg_746     |    3|   0|    4|          1|
    |zext_ln215_25_reg_782  |   17|   0|   34|         17|
    |zext_ln215_28_reg_741  |   17|   0|   34|         17|
    |zext_ln78_reg_789      |   34|   0|  224|        190|
    +-----------------------+-----+----+-----+-----------+
    |Total                  | 6678|   0| 6903|        225|
    +-----------------------+-----+----+-----+-----------+



================================================================
== Interface
================================================================
* Summary: 
+-----------+-----+-----+------------+--------------+--------------+
| RTL Ports | Dir | Bits|  Protocol  | Source Object|    C Type    |
+-----------+-----+-----+------------+--------------+--------------+
|ap_clk     |  in |    1| ap_ctrl_hs |  bc1_mult_1  | return value |
|ap_rst     |  in |    1| ap_ctrl_hs |  bc1_mult_1  | return value |
|ap_start   |  in |    1| ap_ctrl_hs |  bc1_mult_1  | return value |
|ap_done    | out |    1| ap_ctrl_hs |  bc1_mult_1  | return value |
|ap_idle    | out |    1| ap_ctrl_hs |  bc1_mult_1  | return value |
|ap_ready   | out |    1| ap_ctrl_hs |  bc1_mult_1  | return value |
|ap_return  | out |  226| ap_ctrl_hs |  bc1_mult_1  | return value |
|ta_V       |  in |  113|   ap_none  |     ta_V     |    scalar    |
+-----------+-----+-----+------------+--------------+--------------+

