

================================================================
== Vivado HLS Report for 'bc_mult_2'
================================================================
* Date:           Sat Dec 12 17:18:32 2020

* Version:        2019.1 (Build 2552052 on Fri May 24 15:28:33 MDT 2019)
* Project:        sikehls
* Solution:       solution1
* Product family: zynq
* Target device:  xc7z020-clg400-1


================================================================
== Performance Estimates
================================================================
+ Timing (ns): 
    * Summary: 
    +--------+-------+----------+------------+
    |  Clock | Target| Estimated| Uncertainty|
    +--------+-------+----------+------------+
    |ap_clk  |  10.00|     8.291|        1.25|
    +--------+-------+----------+------------+

+ Latency (clock cycles): 
    * Summary: 
    +-----+-----+-----+-----+---------+
    |  Latency  |  Interval | Pipeline|
    | min | max | min | max |   Type  |
    +-----+-----+-----+-----+---------+
    |   73|   73|   73|   73|   none  |
    +-----+-----+-----+-----+---------+

    + Detail: 
        * Instance: 
        N/A

        * Loop: 
        +------------+-----+-----+----------+-----------+-----------+------+----------+
        |            |  Latency  | Iteration|  Initiation Interval  | Trip |          |
        |  Loop Name | min | max |  Latency |  achieved |   target  | Count| Pipelined|
        +------------+-----+-----+----------+-----------+-----------+------+----------+
        |- loopb22   |   70|   70|        10|          -|          -|     7|    no    |
        | + loopb23  |    7|    7|         5|          -|          -|     1|    no    |
        +------------+-----+-----+----------+-----------+-----------+------+----------+



================================================================
== Utilization Estimates
================================================================
* Summary: 
+-----------------+---------+-------+--------+-------+-----+
|       Name      | BRAM_18K| DSP48E|   FF   |  LUT  | URAM|
+-----------------+---------+-------+--------+-------+-----+
|DSP              |        -|      4|       -|      -|    -|
|Expression       |        -|      -|       0|   7783|    -|
|FIFO             |        -|      -|       -|      -|    -|
|Instance         |        -|      -|       0|     40|    -|
|Memory           |        -|      -|       -|      -|    -|
|Multiplexer      |        -|      -|       -|    185|    -|
|Register         |        -|      -|    6734|      -|    -|
+-----------------+---------+-------+--------+-------+-----+
|Total            |        0|      4|    6734|   8008|    0|
+-----------------+---------+-------+--------+-------+-----+
|Available        |      280|    220|  106400|  53200|    0|
+-----------------+---------+-------+--------+-------+-----+
|Utilization (%)  |        0|      1|       6|     15|    0|
+-----------------+---------+-------+--------+-------+-----+

+ Detail: 
    * Instance: 
    +--------------------------+----------------------+---------+-------+---+----+-----+
    |         Instance         |        Module        | BRAM_18K| DSP48E| FF| LUT| URAM|
    +--------------------------+----------------------+---------+-------+---+----+-----+
    |mp_mul_mux_73_17_dEe_U57  |mp_mul_mux_73_17_dEe  |        0|      0|  0|  40|    0|
    +--------------------------+----------------------+---------+-------+---+----+-----+
    |Total                     |                      |        0|      0|  0|  40|    0|
    +--------------------------+----------------------+---------+-------+---+----+-----+

    * DSP48E: 
    +--------------------------+----------------------+-----------+
    |         Instance         |        Module        | Expression|
    +--------------------------+----------------------+-----------+
    |mp_mul_mul_mul_17eOg_U58  |mp_mul_mul_mul_17eOg  |  i0 * i1  |
    |mp_mul_mul_mul_17eOg_U59  |mp_mul_mul_mul_17eOg  |  i0 * i1  |
    |mp_mul_mul_mul_17eOg_U60  |mp_mul_mul_mul_17eOg  |  i0 * i1  |
    |mp_mul_mul_mul_17eOg_U61  |mp_mul_mul_mul_17eOg  |  i0 * i1  |
    +--------------------------+----------------------+-----------+

    * Memory: 
    N/A

    * FIFO: 
    N/A

    * Expression: 
    +--------------------------+----------+-------+---+-----+------------+------------+
    |       Variable Name      | Operation| DSP48E| FF| LUT | Bitwidth P0| Bitwidth P1|
    +--------------------------+----------+-------+---+-----+------------+------------+
    |add_ln29_1_fu_423_p2      |     +    |      0|  0|   13|           4|           4|
    |add_ln29_2_fu_454_p2      |     +    |      0|  0|   13|           4|           4|
    |add_ln29_3_fu_619_p2      |     +    |      0|  0|   13|           4|           4|
    |add_ln29_fu_392_p2        |     +    |      0|  0|   13|           4|           4|
    |add_ln68_1_fu_659_p2      |     +    |      0|  0|  235|         228|         228|
    |add_ln68_2_fu_354_p2      |     +    |      0|  0|  235|         228|         228|
    |add_ln68_3_fu_360_p2      |     +    |      0|  0|  235|         228|         228|
    |add_ln68_4_fu_664_p2      |     +    |      0|  0|  235|         228|         228|
    |add_ln68_fu_348_p2        |     +    |      0|  0|  235|         228|         228|
    |ap_return                 |     +    |      0|  0|  235|         228|         228|
    |i_fu_329_p2               |     +    |      0|  0|   12|           3|           1|
    |sum_0_V_fu_489_p2         |     +    |      0|  0|  235|         228|         228|
    |sum_1_V_fu_525_p2         |     +    |      0|  0|  235|         228|         228|
    |sum_2_V_fu_561_p2         |     +    |      0|  0|  235|         228|         228|
    |sum_3_V_fu_649_p2         |     +    |      0|  0|  235|         228|         228|
    |icmp_ln215_1_fu_407_p2    |   icmp   |      0|  0|    9|           3|           1|
    |icmp_ln215_2_fu_438_p2    |   icmp   |      0|  0|    9|           3|           2|
    |icmp_ln215_fu_376_p2      |   icmp   |      0|  0|    9|           3|           1|
    |icmp_ln24_fu_323_p2       |   icmp   |      0|  0|    9|           3|           2|
    |icmp_ln26_fu_613_p2       |   icmp   |      0|  0|    9|           3|           2|
    |or_ln26_1_fu_428_p2       |    or    |      0|  0|    3|           3|           2|
    |or_ln26_2_fu_603_p2       |    or    |      0|  0|    3|           3|           2|
    |or_ln26_fu_397_p2         |    or    |      0|  0|    3|           3|           1|
    |select_ln215_1_fu_413_p3  |  select  |      0|  0|   17|           1|          17|
    |select_ln215_2_fu_444_p3  |  select  |      0|  0|   17|           1|          17|
    |select_ln215_fu_382_p3    |  select  |      0|  0|   17|           1|          17|
    |select_ln700_3_fu_518_p3  |  select  |      0|  0|  228|           1|         228|
    |select_ln700_6_fu_554_p3  |  select  |      0|  0|  228|           1|         228|
    |select_ln700_fu_482_p3    |  select  |      0|  0|  228|           1|         228|
    |sum_4_V_1_fu_567_p3       |  select  |      0|  0|  228|           1|         228|
    |sum_4_V_2_fu_573_p3       |  select  |      0|  0|  228|           1|         228|
    |sum_5_V_1_fu_579_p3       |  select  |      0|  0|  228|           1|         228|
    |sum_5_V_2_fu_585_p3       |  select  |      0|  0|  228|           1|         228|
    |sum_6_V_1_fu_591_p3       |  select  |      0|  0|  228|           1|         228|
    |sum_6_V_2_fu_597_p3       |  select  |      0|  0|  228|           1|         228|
    |shl_ln1503_1_fu_508_p2    |    shl   |      0|  0|  822|         224|         224|
    |shl_ln1503_2_fu_544_p2    |    shl   |      0|  0|  822|         224|         224|
    |shl_ln1503_3_fu_640_p2    |    shl   |      0|  0|  822|         224|         224|
    |shl_ln1503_fu_472_p2      |    shl   |      0|  0|  742|         204|         204|
    |xor_ln26_fu_624_p2        |    xor   |      0|  0|    4|           3|           4|
    +--------------------------+----------+-------+---+-----+------------+------------+
    |Total                     |          |      0|  0| 7783|        3214|        5293|
    +--------------------------+----------+-------+---+-----+------------+------------+

    * Multiplexer: 
    +-------------------+----+-----------+-----+-----------+
    |        Name       | LUT| Input Size| Bits| Total Bits|
    +-------------------+----+-----------+-----+-----------+
    |ap_NS_fsm          |  50|         11|    1|         11|
    |i4_0_reg_150       |   9|          2|    3|          6|
    |j_0_0_reg_161      |   9|          2|    3|          6|
    |sum_3_V_1_fu_68    |   9|          2|  228|        456|
    |sum_V_0_0_reg_78   |   9|          2|  228|        456|
    |sum_V_0_1_reg_173  |   9|          2|  228|        456|
    |sum_V_1_0_reg_90   |   9|          2|  228|        456|
    |sum_V_1_1_reg_184  |   9|          2|  228|        456|
    |sum_V_2_0_reg_102  |   9|          2|  228|        456|
    |sum_V_2_1_reg_195  |   9|          2|  228|        456|
    |sum_V_4_0_reg_114  |   9|          2|  228|        456|
    |sum_V_4_1_reg_206  |   9|          2|  228|        456|
    |sum_V_5_0_reg_126  |   9|          2|  228|        456|
    |sum_V_5_1_reg_217  |   9|          2|  228|        456|
    |sum_V_6_0_reg_138  |   9|          2|  228|        456|
    |sum_V_6_1_reg_228  |   9|          2|  228|        456|
    +-------------------+----+-----------+-----+-----------+
    |Total              | 185|         41| 2971|       5951|
    +-------------------+----+-----------+-----+-----------+

    * Register: 
    +----------------------+-----+----+-----+-----------+
    |         Name         |  FF | LUT| Bits| Const Bits|
    +----------------------+-----+----+-----+-----------+
    |add_ln29_1_reg_824    |    4|   0|    4|          0|
    |add_ln29_2_reg_842    |    4|   0|    4|          0|
    |add_ln29_3_reg_905    |    4|   0|    4|          0|
    |add_ln29_reg_806      |    4|   0|    4|          0|
    |add_ln68_1_reg_921    |  228|   0|  228|          0|
    |add_ln68_2_reg_772    |  228|   0|  228|          0|
    |add_ln68_3_reg_777    |  228|   0|  228|          0|
    |add_ln68_4_reg_926    |  228|   0|  228|          0|
    |add_ln68_reg_767      |  228|   0|  228|          0|
    |ai_0_V_reg_700        |   17|   0|   17|          0|
    |ai_1_V_reg_706        |   17|   0|   17|          0|
    |ai_2_V_reg_712        |   17|   0|   17|          0|
    |ai_3_V_reg_718        |   17|   0|   17|          0|
    |ai_4_V_reg_723        |   17|   0|   17|          0|
    |ai_5_V_reg_729        |   17|   0|   17|          0|
    |ai_6_V_reg_735        |   17|   0|   17|          0|
    |ap_CS_fsm             |   10|   0|   10|          0|
    |i4_0_reg_150          |    3|   0|    3|          0|
    |i_reg_757             |    3|   0|    3|          0|
    |icmp_ln215_1_reg_812  |    1|   0|    1|          0|
    |icmp_ln215_2_reg_830  |    1|   0|    1|          0|
    |icmp_ln215_reg_794    |    1|   0|    1|          0|
    |j_0_0_reg_161         |    3|   0|    3|          0|
    |mul_ln1352_1_reg_819  |   34|   0|   34|          0|
    |mul_ln1352_2_reg_837  |   34|   0|   34|          0|
    |mul_ln1352_reg_801    |   34|   0|   34|          0|
    |sum_0_V_reg_848       |  228|   0|  228|          0|
    |sum_1_V_reg_854       |  228|   0|  228|          0|
    |sum_2_V_reg_860       |  228|   0|  228|          0|
    |sum_3_V_1_fu_68       |  228|   0|  228|          0|
    |sum_3_V_reg_916       |  228|   0|  228|          0|
    |sum_4_V_1_reg_866     |  228|   0|  228|          0|
    |sum_4_V_2_reg_872     |  228|   0|  228|          0|
    |sum_5_V_1_reg_878     |  228|   0|  228|          0|
    |sum_5_V_2_reg_884     |  228|   0|  228|          0|
    |sum_6_V_1_reg_890     |  228|   0|  228|          0|
    |sum_6_V_2_reg_896     |  228|   0|  228|          0|
    |sum_V_0_0_reg_78      |  228|   0|  228|          0|
    |sum_V_0_1_reg_173     |  228|   0|  228|          0|
    |sum_V_1_0_reg_90      |  228|   0|  228|          0|
    |sum_V_1_1_reg_184     |  228|   0|  228|          0|
    |sum_V_2_0_reg_102     |  228|   0|  228|          0|
    |sum_V_2_1_reg_195     |  228|   0|  228|          0|
    |sum_V_4_0_reg_114     |  228|   0|  228|          0|
    |sum_V_4_1_reg_206     |  228|   0|  228|          0|
    |sum_V_5_0_reg_126     |  228|   0|  228|          0|
    |sum_V_5_1_reg_217     |  228|   0|  228|          0|
    |sum_V_6_0_reg_138     |  228|   0|  228|          0|
    |sum_V_6_1_reg_228     |  228|   0|  228|          0|
    |tmp_2_reg_762         |   17|   0|   17|          0|
    |xor_ln26_reg_911      |    3|   0|    3|          0|
    |zext_ln215_1_reg_782  |   17|   0|   34|         17|
    |zext_ln215_4_reg_741  |   17|   0|   34|         17|
    |zext_ln24_reg_746     |    3|   0|    4|          1|
    |zext_ln78_reg_789     |   34|   0|  224|        190|
    +----------------------+-----+----+-----+-----------+
    |Total                 | 6734|   0| 6959|        225|
    +----------------------+-----+----+-----+-----------+



================================================================
== Interface
================================================================
* Summary: 
+-----------+-----+-----+------------+--------------+--------------+
| RTL Ports | Dir | Bits|  Protocol  | Source Object|    C Type    |
+-----------+-----+-----+------------+--------------+--------------+
|ap_clk     |  in |    1| ap_ctrl_hs |   bc_mult_2  | return value |
|ap_rst     |  in |    1| ap_ctrl_hs |   bc_mult_2  | return value |
|ap_start   |  in |    1| ap_ctrl_hs |   bc_mult_2  | return value |
|ap_done    | out |    1| ap_ctrl_hs |   bc_mult_2  | return value |
|ap_idle    | out |    1| ap_ctrl_hs |   bc_mult_2  | return value |
|ap_ready   | out |    1| ap_ctrl_hs |   bc_mult_2  | return value |
|ap_return  | out |  228| ap_ctrl_hs |   bc_mult_2  | return value |
|ta_V       |  in |  114|   ap_none  |     ta_V     |    scalar    |
+-----------+-----+-----+------------+--------------+--------------+

