

================================================================
== Vivado HLS Report for 'bc_mult_448'
================================================================
* Date:           Tue Dec 22 16:34:17 2020

* Version:        2019.1 (Build 2552052 on Fri May 24 15:28:33 MDT 2019)
* Project:        sikehls
* Solution:       solution1
* Product family: zynq
* Target device:  xc7z020-clg400-1


================================================================
== Performance Estimates
================================================================
+ Timing (ns): 
    * Summary: 
    +--------+-------+----------+------------+
    |  Clock | Target| Estimated| Uncertainty|
    +--------+-------+----------+------------+
    |ap_clk  |  10.00|     8.625|        1.25|
    +--------+-------+----------+------------+

+ Latency (clock cycles): 
    * Summary: 
    +-----+-----+-----+-----+---------+
    |  Latency  |  Interval | Pipeline|
    | min | max | min | max |   Type  |
    +-----+-----+-----+-----+---------+
    |   32|   32|   32|   32|   none  |
    +-----+-----+-----+-----+---------+

    + Detail: 
        * Instance: 
        N/A

        * Loop: 
        +-----------+-----+-----+----------+-----------+-----------+------+----------+
        |           |  Latency  | Iteration|  Initiation Interval  | Trip |          |
        | Loop Name | min | max |  Latency |  achieved |   target  | Count| Pipelined|
        +-----------+-----+-----+----------+-----------+-----------+------+----------+
        |- loopb22  |    9|    9|         3|          1|          1|     8|    yes   |
        |- loop3    |   16|   16|         2|          -|          -|     8|    no    |
        +-----------+-----+-----+----------+-----------+-----------+------+----------+



================================================================
== Utilization Estimates
================================================================
* Summary: 
+-----------------+---------+-------+--------+-------+-----+
|       Name      | BRAM_18K| DSP48E|   FF   |  LUT  | URAM|
+-----------------+---------+-------+--------+-------+-----+
|DSP              |        -|      -|       -|      -|    -|
|Expression       |        -|      -|       0|     52|    -|
|FIFO             |        -|      -|       -|      -|    -|
|Instance         |        -|     80|   10108|   4137|    -|
|Memory           |        -|      -|       -|      -|    -|
|Multiplexer      |        -|      -|       -|    161|    -|
|Register         |        -|      -|   17109|      -|    -|
+-----------------+---------+-------+--------+-------+-----+
|Total            |        0|     80|   27217|   4350|    0|
+-----------------+---------+-------+--------+-------+-----+
|Available        |      280|    220|  106400|  53200|    0|
+-----------------+---------+-------+--------+-------+-----+
|Utilization (%)  |        0|     36|      25|      8|    0|
+-----------------+---------+-------+--------+-------+-----+

+ Detail: 
    * Instance: 
    +--------------------------+----------------------+---------+-------+-----+-----+-----+
    |         Instance         |        Module        | BRAM_18K| DSP48E|  FF | LUT | URAM|
    +--------------------------+----------------------+---------+-------+-----+-----+-----+
    |eval_4_isog_add_8eOg_U11  |eval_4_isog_add_8eOg  |        0|      0|  580|  132|    0|
    |eval_4_isog_add_8eOg_U13  |eval_4_isog_add_8eOg  |        0|      0|  580|  132|    0|
    |eval_4_isog_add_8eOg_U15  |eval_4_isog_add_8eOg  |        0|      0|  580|  132|    0|
    |eval_4_isog_add_8eOg_U17  |eval_4_isog_add_8eOg  |        0|      0|  580|  132|    0|
    |eval_4_isog_add_8eOg_U19  |eval_4_isog_add_8eOg  |        0|      0|  580|  132|    0|
    |eval_4_isog_add_8eOg_U21  |eval_4_isog_add_8eOg  |        0|      0|  580|  132|    0|
    |eval_4_isog_add_8eOg_U23  |eval_4_isog_add_8eOg  |        0|      0|  580|  132|    0|
    |eval_4_isog_add_8eOg_U25  |eval_4_isog_add_8eOg  |        0|      0|  580|  132|    0|
    |eval_4_isog_add_8eOg_U26  |eval_4_isog_add_8eOg  |        0|      0|  580|  132|    0|
    |eval_4_isog_add_8eOg_U27  |eval_4_isog_add_8eOg  |        0|      0|  580|  132|    0|
    |eval_4_isog_add_8eOg_U28  |eval_4_isog_add_8eOg  |        0|      0|  580|  132|    0|
    |eval_4_isog_add_8eOg_U29  |eval_4_isog_add_8eOg  |        0|      0|  580|  132|    0|
    |eval_4_isog_add_8eOg_U30  |eval_4_isog_add_8eOg  |        0|      0|  580|  132|    0|
    |eval_4_isog_add_8eOg_U31  |eval_4_isog_add_8eOg  |        0|      0|  580|  132|    0|
    |eval_4_isog_add_8eOg_U32  |eval_4_isog_add_8eOg  |        0|      0|  580|  132|    0|
    |eval_4_isog_mul_5cud_U2   |eval_4_isog_mul_5cud  |        0|     10|  176|  219|    0|
    |eval_4_isog_mul_5cud_U3   |eval_4_isog_mul_5cud  |        0|     10|  176|  219|    0|
    |eval_4_isog_mul_5cud_U4   |eval_4_isog_mul_5cud  |        0|     10|  176|  219|    0|
    |eval_4_isog_mul_5cud_U5   |eval_4_isog_mul_5cud  |        0|     10|  176|  219|    0|
    |eval_4_isog_mul_5cud_U6   |eval_4_isog_mul_5cud  |        0|     10|  176|  219|    0|
    |eval_4_isog_mul_5cud_U7   |eval_4_isog_mul_5cud  |        0|     10|  176|  219|    0|
    |eval_4_isog_mul_5cud_U8   |eval_4_isog_mul_5cud  |        0|     10|  176|  219|    0|
    |eval_4_isog_mul_5cud_U9   |eval_4_isog_mul_5cud  |        0|     10|  176|  219|    0|
    |eval_4_isog_mux_8bkb_U1   |eval_4_isog_mux_8bkb  |        0|      0|    0|   45|    0|
    |eval_4_isog_mux_8dEe_U10  |eval_4_isog_mux_8dEe  |        0|      0|    0|   45|    0|
    |eval_4_isog_mux_8dEe_U12  |eval_4_isog_mux_8dEe  |        0|      0|    0|   45|    0|
    |eval_4_isog_mux_8dEe_U14  |eval_4_isog_mux_8dEe  |        0|      0|    0|   45|    0|
    |eval_4_isog_mux_8dEe_U16  |eval_4_isog_mux_8dEe  |        0|      0|    0|   45|    0|
    |eval_4_isog_mux_8dEe_U18  |eval_4_isog_mux_8dEe  |        0|      0|    0|   45|    0|
    |eval_4_isog_mux_8dEe_U20  |eval_4_isog_mux_8dEe  |        0|      0|    0|   45|    0|
    |eval_4_isog_mux_8dEe_U22  |eval_4_isog_mux_8dEe  |        0|      0|    0|   45|    0|
    |eval_4_isog_mux_8dEe_U24  |eval_4_isog_mux_8dEe  |        0|      0|    0|   45|    0|
    +--------------------------+----------------------+---------+-------+-----+-----+-----+
    |Total                     |                      |        0|     80|10108| 4137|    0|
    +--------------------------+----------------------+---------+-------+-----+-----+-----+

    * DSP48E: 
    N/A

    * Memory: 
    N/A

    * FIFO: 
    N/A

    * Expression: 
    +-------------------------+----------+-------+---+----+------------+------------+
    |      Variable Name      | Operation| DSP48E| FF| LUT| Bitwidth P0| Bitwidth P1|
    +-------------------------+----------+-------+---+----+------------+------------+
    |i_1_fu_700_p2            |     +    |      0|  0|  13|           4|           1|
    |i_fu_1181_p2             |     +    |      0|  0|  13|           4|           1|
    |icmp_ln28_fu_694_p2      |   icmp   |      0|  0|  11|           4|           5|
    |icmp_ln41_fu_1175_p2     |   icmp   |      0|  0|  11|           4|           5|
    |ap_enable_pp0            |    xor   |      0|  0|   2|           1|           2|
    |ap_enable_reg_pp0_iter1  |    xor   |      0|  0|   2|           2|           1|
    +-------------------------+----------+-------+---+----+------------+------------+
    |Total                    |          |      0|  0|  52|          19|          15|
    +-------------------------+----------+-------+---+----+------------+------------+

    * Multiplexer: 
    +-------------------------+----+-----------+-----+-----------+
    |           Name          | LUT| Input Size| Bits| Total Bits|
    +-------------------------+----+-----------+-----+-----------+
    |ap_NS_fsm                |  44|          9|    1|          9|
    |ap_enable_reg_pp0_iter1  |   9|          2|    1|          2|
    |ap_enable_reg_pp0_iter2  |   9|          2|    1|          2|
    |ap_return                |   9|          2|  896|       1792|
    |i7_0_reg_396             |   9|          2|    4|          8|
    |i8_0_reg_503             |   9|          2|    4|          8|
    |sum_V_0_0_reg_407        |   9|          2|  896|       1792|
    |sum_V_1_0_reg_419        |   9|          2|  896|       1792|
    |sum_V_2_0_reg_431        |   9|          2|  896|       1792|
    |sum_V_3_0_reg_443        |   9|          2|  896|       1792|
    |sum_V_4_0_reg_455        |   9|          2|  896|       1792|
    |sum_V_5_0_reg_467        |   9|          2|  896|       1792|
    |sum_V_6_0_reg_479        |   9|          2|  896|       1792|
    |sum_V_7_0_reg_491        |   9|          2|  896|       1792|
    +-------------------------+----+-----------+-----+-----------+
    |Total                    | 161|         35| 8075|      16157|
    +-------------------------+----+-----------+-----+-----------+

    * Register: 
    +------------------------------------+-----+----+-----+-----------+
    |                Name                |  FF | LUT| Bits| Const Bits|
    +------------------------------------+-----+----+-----+-----------+
    |ap_CS_fsm                           |    8|   0|    8|          0|
    |ap_enable_reg_pp0_iter0             |    1|   0|    1|          0|
    |ap_enable_reg_pp0_iter1             |    1|   0|    1|          0|
    |ap_enable_reg_pp0_iter2             |    1|   0|    1|          0|
    |ap_return                           |  896|   0|  896|          0|
    |ap_return_preg                      |  896|   0|  896|          0|
    |bi_0_V_reg_2075                     |   56|   0|   56|          0|
    |bi_1_V_reg_2080                     |   56|   0|   56|          0|
    |bi_2_V_reg_2085                     |   56|   0|   56|          0|
    |bi_3_V_reg_2090                     |   56|   0|   56|          0|
    |bi_4_V_reg_2095                     |   56|   0|   56|          0|
    |bi_5_V_reg_2100                     |   56|   0|   56|          0|
    |bi_6_V_reg_2105                     |   56|   0|   56|          0|
    |bi_7_V_reg_2110                     |   56|   0|   56|          0|
    |i7_0_reg_396                        |    4|   0|    4|          0|
    |i8_0_reg_503                        |    4|   0|    4|          0|
    |i_reg_2188                          |    4|   0|    4|          0|
    |partial_products_0_1_fu_152         |  112|   0|  896|        784|
    |partial_products_0_2_fu_148         |  112|   0|  896|        784|
    |partial_products_0_3_fu_144         |  112|   0|  896|        784|
    |partial_products_0_4_fu_140         |  112|   0|  896|        784|
    |partial_products_0_5_fu_136         |  112|   0|  896|        784|
    |partial_products_0_6_fu_132         |  112|   0|  896|        784|
    |partial_products_0_s_fu_156         |  112|   0|  896|        784|
    |partial_products_1_1_fu_184         |  112|   0|  896|        784|
    |partial_products_1_2_fu_180         |  112|   0|  896|        784|
    |partial_products_1_3_fu_176         |  112|   0|  896|        784|
    |partial_products_1_4_fu_172         |  112|   0|  896|        784|
    |partial_products_1_5_fu_168         |  112|   0|  896|        784|
    |partial_products_1_6_fu_164         |  112|   0|  896|        784|
    |partial_products_1_s_fu_188         |  112|   0|  896|        784|
    |partial_products_2_1_fu_216         |  112|   0|  896|        784|
    |partial_products_2_2_fu_212         |  112|   0|  896|        784|
    |partial_products_2_3_fu_208         |  112|   0|  896|        784|
    |partial_products_2_4_fu_204         |  112|   0|  896|        784|
    |partial_products_2_5_fu_200         |  112|   0|  896|        784|
    |partial_products_2_6_fu_196         |  112|   0|  896|        784|
    |partial_products_2_s_fu_220         |  112|   0|  896|        784|
    |partial_products_3_1_fu_248         |  112|   0|  896|        784|
    |partial_products_3_2_fu_244         |  112|   0|  896|        784|
    |partial_products_3_3_fu_240         |  112|   0|  896|        784|
    |partial_products_3_4_fu_236         |  112|   0|  896|        784|
    |partial_products_3_5_fu_232         |  112|   0|  896|        784|
    |partial_products_3_6_fu_228         |  112|   0|  896|        784|
    |partial_products_3_s_fu_252         |  112|   0|  896|        784|
    |partial_products_4_1_fu_280         |  112|   0|  896|        784|
    |partial_products_4_2_fu_276         |  112|   0|  896|        784|
    |partial_products_4_3_fu_272         |  112|   0|  896|        784|
    |partial_products_4_4_fu_268         |  112|   0|  896|        784|
    |partial_products_4_5_fu_264         |  112|   0|  896|        784|
    |partial_products_4_6_fu_260         |  112|   0|  896|        784|
    |partial_products_4_s_fu_284         |  112|   0|  896|        784|
    |partial_products_5_1_fu_312         |  112|   0|  896|        784|
    |partial_products_5_2_fu_308         |  112|   0|  896|        784|
    |partial_products_5_3_fu_304         |  112|   0|  896|        784|
    |partial_products_5_4_fu_300         |  112|   0|  896|        784|
    |partial_products_5_5_fu_296         |  112|   0|  896|        784|
    |partial_products_5_6_fu_292         |  112|   0|  896|        784|
    |partial_products_5_s_fu_316         |  112|   0|  896|        784|
    |partial_products_6_1_fu_344         |  112|   0|  896|        784|
    |partial_products_6_2_fu_340         |  112|   0|  896|        784|
    |partial_products_6_3_fu_336         |  112|   0|  896|        784|
    |partial_products_6_4_fu_332         |  112|   0|  896|        784|
    |partial_products_6_5_fu_328         |  112|   0|  896|        784|
    |partial_products_6_6_fu_324         |  112|   0|  896|        784|
    |partial_products_6_s_fu_348         |  112|   0|  896|        784|
    |partial_products_7_10_fu_224        |  112|   0|  896|        784|
    |partial_products_7_11_fu_256        |  112|   0|  896|        784|
    |partial_products_7_12_fu_288        |  112|   0|  896|        784|
    |partial_products_7_13_fu_320        |  112|   0|  896|        784|
    |partial_products_7_14_fu_352        |  112|   0|  896|        784|
    |partial_products_7_1_fu_376         |  112|   0|  896|        784|
    |partial_products_7_2_fu_372         |  112|   0|  896|        784|
    |partial_products_7_3_fu_368         |  112|   0|  896|        784|
    |partial_products_7_4_fu_364         |  112|   0|  896|        784|
    |partial_products_7_5_fu_360         |  112|   0|  896|        784|
    |partial_products_7_6_fu_356         |  112|   0|  896|        784|
    |partial_products_7_7_fu_128         |  112|   0|  896|        784|
    |partial_products_7_8_fu_160         |  112|   0|  896|        784|
    |partial_products_7_9_fu_192         |  112|   0|  896|        784|
    |partial_products_7_s_fu_380         |  112|   0|  896|        784|
    |sum_V_0_0_reg_407                   |  896|   0|  896|          0|
    |sum_V_1_0_reg_419                   |  896|   0|  896|          0|
    |sum_V_2_0_reg_431                   |  896|   0|  896|          0|
    |sum_V_3_0_reg_443                   |  896|   0|  896|          0|
    |sum_V_4_0_reg_455                   |  896|   0|  896|          0|
    |sum_V_5_0_reg_467                   |  896|   0|  896|          0|
    |sum_V_6_0_reg_479                   |  896|   0|  896|          0|
    |sum_V_7_0_reg_491                   |  896|   0|  896|          0|
    |tmp_1_reg_2168                      |   56|   0|   56|          0|
    |trunc_ln215_reg_2164                |    3|   0|    3|          0|
    |trunc_ln215_reg_2164_pp0_iter1_reg  |    3|   0|    3|          0|
    |zext_ln215_2_reg_2120               |   56|   0|  112|         56|
    |zext_ln215_3_reg_2125               |   56|   0|  112|         56|
    |zext_ln215_4_reg_2130               |   56|   0|  112|         56|
    |zext_ln215_5_reg_2135               |   56|   0|  112|         56|
    |zext_ln215_6_reg_2140               |   56|   0|  112|         56|
    |zext_ln215_7_reg_2145               |   56|   0|  112|         56|
    |zext_ln215_8_reg_2150               |   56|   0|  112|         56|
    |zext_ln215_reg_2115                 |   56|   0|  112|         56|
    +------------------------------------+-----+----+-----+-----------+
    |Total                               |17109|   0|67733|      50624|
    +------------------------------------+-----+----+-----+-----------+



================================================================
== Interface
================================================================
* Summary: 
+-----------+-----+-----+------------+--------------+--------------+
| RTL Ports | Dir | Bits|  Protocol  | Source Object|    C Type    |
+-----------+-----+-----+------------+--------------+--------------+
|ap_clk     |  in |    1| ap_ctrl_hs |  bc_mult_448 | return value |
|ap_rst     |  in |    1| ap_ctrl_hs |  bc_mult_448 | return value |
|ap_start   |  in |    1| ap_ctrl_hs |  bc_mult_448 | return value |
|ap_done    | out |    1| ap_ctrl_hs |  bc_mult_448 | return value |
|ap_idle    | out |    1| ap_ctrl_hs |  bc_mult_448 | return value |
|ap_ready   | out |    1| ap_ctrl_hs |  bc_mult_448 | return value |
|ap_return  | out |  896| ap_ctrl_hs |  bc_mult_448 | return value |
|a_V        |  in |  448|   ap_none  |      a_V     |    scalar    |
|b_V        |  in |  448|   ap_none  |      b_V     |    scalar    |
+-----------+-----+-----+------------+--------------+--------------+

