

================================================================
== Vivado HLS Report for 'koa_mult_h_1'
================================================================
* Date:           Sat Dec 12 17:18:28 2020

* Version:        2019.1 (Build 2552052 on Fri May 24 15:28:33 MDT 2019)
* Project:        sikehls
* Solution:       solution1
* Product family: zynq
* Target device:  xc7z020-clg400-1


================================================================
== Performance Estimates
================================================================
+ Timing (ns): 
    * Summary: 
    +--------+-------+----------+------------+
    |  Clock | Target| Estimated| Uncertainty|
    +--------+-------+----------+------------+
    |ap_clk  |  10.00|     8.316|        1.25|
    +--------+-------+----------+------------+

+ Latency (clock cycles): 
    * Summary: 
    +-----+-----+-----+-----+---------+
    |  Latency  |  Interval | Pipeline|
    | min | max | min | max |   Type  |
    +-----+-----+-----+-----+---------+
    |   78|   78|   78|   78|   none  |
    +-----+-----+-----+-----+---------+

    + Detail: 
        * Instance: 
        +----------------------+------------+-----+-----+-----+-----+---------+
        |                      |            |  Latency  |  Interval | Pipeline|
        |       Instance       |   Module   | min | max | min | max |   Type  |
        +----------------------+------------+-----+-----+-----+-----+---------+
        |grp_bc1_mult_1_fu_30  |bc1_mult_1  |   73|   73|   73|   73|   none  |
        |grp_bc1_mult_fu_35    |bc1_mult    |   73|   73|   73|   73|   none  |
        |grp_bc1_mult1_fu_40   |bc1_mult1   |   73|   73|   73|   73|   none  |
        +----------------------+------------+-----+-----+-----+-----+---------+

        * Loop: 
        N/A



================================================================
== Utilization Estimates
================================================================
* Summary: 
+-----------------+---------+-------+--------+-------+-----+
|       Name      | BRAM_18K| DSP48E|   FF   |  LUT  | URAM|
+-----------------+---------+-------+--------+-------+-----+
|DSP              |        -|      -|       -|      -|    -|
|Expression       |        -|      -|       0|    590|    -|
|FIFO             |        -|      -|       -|      -|    -|
|Instance         |        -|     12|   21046|  23996|    -|
|Memory           |        -|      -|       -|      -|    -|
|Multiplexer      |        -|      -|       -|     47|    -|
|Register         |        -|      -|    1922|      -|    -|
+-----------------+---------+-------+--------+-------+-----+
|Total            |        0|     12|   22968|  24633|    0|
+-----------------+---------+-------+--------+-------+-----+
|Available        |      280|    220|  106400|  53200|    0|
+-----------------+---------+-------+--------+-------+-----+
|Utilization (%)  |        0|      5|      21|     46|    0|
+-----------------+---------+-------+--------+-------+-----+

+ Detail: 
    * Instance: 
    +--------------------------+----------------------+---------+-------+------+------+-----+
    |         Instance         |        Module        | BRAM_18K| DSP48E|  FF  |  LUT | URAM|
    +--------------------------+----------------------+---------+-------+------+------+-----+
    |grp_bc1_mult_fu_35        |bc1_mult              |        0|      4|  6604|  7881|    0|
    |grp_bc1_mult1_fu_40       |bc1_mult1             |        0|      4|  6604|  7881|    0|
    |grp_bc1_mult_1_fu_30      |bc1_mult_1            |        0|      4|  6678|  7970|    0|
    |mp_mul_add_448ns_fYi_U41  |mp_mul_add_448ns_fYi  |        0|      0|   580|   132|    0|
    |mp_mul_add_448ns_fYi_U42  |mp_mul_add_448ns_fYi  |        0|      0|   580|   132|    0|
    +--------------------------+----------------------+---------+-------+------+------+-----+
    |Total                     |                      |        0|     12| 21046| 23996|    0|
    +--------------------------+----------------------+---------+-------+------+------+-----+

    * DSP48E: 
    N/A

    * Memory: 
    N/A

    * FIFO: 
    N/A

    * Expression: 
    +---------------------------------+----------+-------+---+-----+------------+------------+
    |          Variable Name          | Operation| DSP48E| FF| LUT | Bitwidth P0| Bitwidth P1|
    +---------------------------------+----------+-------+---+-----+------------+------------+
    |ahl_V_fu_69_p2                   |     +    |      0|  0|  120|         113|         113|
    |ret_V_6_fu_98_p2                 |     -    |      0|  0|  234|         227|         227|
    |ret_V_fu_82_p2                   |     -    |      0|  0|  234|         227|         227|
    |ap_block_state2_on_subcall_done  |    or    |      0|  0|    2|           1|           1|
    +---------------------------------+----------+-------+---+-----+------------+------------+
    |Total                            |          |      0|  0|  590|         568|         568|
    +---------------------------------+----------+-------+---+-----+------------+------------+

    * Multiplexer: 
    +-----------+----+-----------+-----+-----------+
    |    Name   | LUT| Input Size| Bits| Total Bits|
    +-----------+----+-----------+-----+-----------+
    |ap_NS_fsm  |  38|          7|    1|          7|
    |ap_return  |   9|          2|  448|        896|
    +-----------+----+-----------+-----+-----------+
    |Total      |  47|          9|  449|        903|
    +-----------+----+-----------+-----+-----------+

    * Register: 
    +-----------------------------------+-----+----+-----+-----------+
    |                Name               |  FF | LUT| Bits| Const Bits|
    +-----------------------------------+-----+----+-----+-----------+
    |a0_V_reg_144                       |  224|   0|  224|          0|
    |a1_V_reg_156                       |  226|   0|  226|          0|
    |a2_V_reg_150                       |  224|   0|  224|          0|
    |ah_V_reg_129                       |  112|   0|  112|          0|
    |ahl_V_reg_139                      |  113|   0|  113|          0|
    |al_V_reg_134                       |  112|   0|  112|          0|
    |ap_CS_fsm                          |    6|   0|    6|          0|
    |ap_return_preg                     |  448|   0|  448|          0|
    |grp_bc1_mult1_fu_40_ap_start_reg   |    1|   0|    1|          0|
    |grp_bc1_mult_1_fu_30_ap_start_reg  |    1|   0|    1|          0|
    |grp_bc1_mult_fu_35_ap_start_reg    |    1|   0|    1|          0|
    |ret_V_6_reg_171                    |  227|   0|  227|          0|
    |ret_V_reg_161                      |  227|   0|  227|          0|
    +-----------------------------------+-----+----+-----+-----------+
    |Total                              | 1922|   0| 1922|          0|
    +-----------------------------------+-----+----+-----+-----------+



================================================================
== Interface
================================================================
* Summary: 
+-----------+-----+-----+------------+--------------+--------------+
| RTL Ports | Dir | Bits|  Protocol  | Source Object|    C Type    |
+-----------+-----+-----+------------+--------------+--------------+
|ap_clk     |  in |    1| ap_ctrl_hs | koa_mult_h_1 | return value |
|ap_rst     |  in |    1| ap_ctrl_hs | koa_mult_h_1 | return value |
|ap_start   |  in |    1| ap_ctrl_hs | koa_mult_h_1 | return value |
|ap_done    | out |    1| ap_ctrl_hs | koa_mult_h_1 | return value |
|ap_idle    | out |    1| ap_ctrl_hs | koa_mult_h_1 | return value |
|ap_ready   | out |    1| ap_ctrl_hs | koa_mult_h_1 | return value |
|ap_return  | out |  448| ap_ctrl_hs | koa_mult_h_1 | return value |
|a_V        |  in |  224|   ap_none  |      a_V     |    scalar    |
+-----------+-----+-----+------------+--------------+--------------+

